Archive member included to satisfy reference by file (symbol)

/Applications/STM32CubeIDE.app/Contents/Eclipse/plugins/com.st.stm32cube.ide.mcu.externaltools.gnu-tools-for-stm32.12.3.rel1.macos64_1.1.0.202410301201/tools/bin/../lib/gcc/arm-none-eabi/12.3.1/../../../../arm-none-eabi/lib/thumb/v7e-m+fp/hard/libc_nano.a(libc_a-exit.o)
                              /Applications/STM32CubeIDE.app/Contents/Eclipse/plugins/com.st.stm32cube.ide.mcu.externaltools.gnu-tools-for-stm32.12.3.rel1.macos64_1.1.0.202410301201/tools/bin/../lib/gcc/arm-none-eabi/12.3.1/../../../../arm-none-eabi/lib/thumb/v7e-m+fp/hard/crt0.o (exit)
/Applications/STM32CubeIDE.app/Contents/Eclipse/plugins/com.st.stm32cube.ide.mcu.externaltools.gnu-tools-for-stm32.12.3.rel1.macos64_1.1.0.202410301201/tools/bin/../lib/gcc/arm-none-eabi/12.3.1/../../../../arm-none-eabi/lib/thumb/v7e-m+fp/hard/libc_nano.a(libc_a-nano-vfprintf_float.o)
                              (_printf_float)
/Applications/STM32CubeIDE.app/Contents/Eclipse/plugins/com.st.stm32cube.ide.mcu.externaltools.gnu-tools-for-stm32.12.3.rel1.macos64_1.1.0.202410301201/tools/bin/../lib/gcc/arm-none-eabi/12.3.1/../../../../arm-none-eabi/lib/thumb/v7e-m+fp/hard/libc_nano.a(libc_a-nano-vfprintf_i.o)
                              /Applications/STM32CubeIDE.app/Contents/Eclipse/plugins/com.st.stm32cube.ide.mcu.externaltools.gnu-tools-for-stm32.12.3.rel1.macos64_1.1.0.202410301201/tools/bin/../lib/gcc/arm-none-eabi/12.3.1/../../../../arm-none-eabi/lib/thumb/v7e-m+fp/hard/libc_nano.a(libc_a-nano-vfprintf_float.o) (_printf_common)
/Applications/STM32CubeIDE.app/Contents/Eclipse/plugins/com.st.stm32cube.ide.mcu.externaltools.gnu-tools-for-stm32.12.3.rel1.macos64_1.1.0.202410301201/tools/bin/../lib/gcc/arm-none-eabi/12.3.1/../../../../arm-none-eabi/lib/thumb/v7e-m+fp/hard/libc_nano.a(libc_a-findfp.o)
                              ./Middlewares/Third_Party/FreeRTOS/Source/tasks.o (__sf)
/Applications/STM32CubeIDE.app/Contents/Eclipse/plugins/com.st.stm32cube.ide.mcu.externaltools.gnu-tools-for-stm32.12.3.rel1.macos64_1.1.0.202410301201/tools/bin/../lib/gcc/arm-none-eabi/12.3.1/../../../../arm-none-eabi/lib/thumb/v7e-m+fp/hard/libc_nano.a(libc_a-fwalk.o)
                              /Applications/STM32CubeIDE.app/Contents/Eclipse/plugins/com.st.stm32cube.ide.mcu.externaltools.gnu-tools-for-stm32.12.3.rel1.macos64_1.1.0.202410301201/tools/bin/../lib/gcc/arm-none-eabi/12.3.1/../../../../arm-none-eabi/lib/thumb/v7e-m+fp/hard/libc_nano.a(libc_a-findfp.o) (_fwalk_sglue)
/Applications/STM32CubeIDE.app/Contents/Eclipse/plugins/com.st.stm32cube.ide.mcu.externaltools.gnu-tools-for-stm32.12.3.rel1.macos64_1.1.0.202410301201/tools/bin/../lib/gcc/arm-none-eabi/12.3.1/../../../../arm-none-eabi/lib/thumb/v7e-m+fp/hard/libc_nano.a(libc_a-vsnprintf.o)
                              ./Core/Src/main.o (vsnprintf)
/Applications/STM32CubeIDE.app/Contents/Eclipse/plugins/com.st.stm32cube.ide.mcu.externaltools.gnu-tools-for-stm32.12.3.rel1.macos64_1.1.0.202410301201/tools/bin/../lib/gcc/arm-none-eabi/12.3.1/../../../../arm-none-eabi/lib/thumb/v7e-m+fp/hard/libc_nano.a(libc_a-memset.o)
                              /Applications/STM32CubeIDE.app/Contents/Eclipse/plugins/com.st.stm32cube.ide.mcu.externaltools.gnu-tools-for-stm32.12.3.rel1.macos64_1.1.0.202410301201/tools/bin/../lib/gcc/arm-none-eabi/12.3.1/../../../../arm-none-eabi/lib/thumb/v7e-m+fp/hard/crt0.o (memset)
/Applications/STM32CubeIDE.app/Contents/Eclipse/plugins/com.st.stm32cube.ide.mcu.externaltools.gnu-tools-for-stm32.12.3.rel1.macos64_1.1.0.202410301201/tools/bin/../lib/gcc/arm-none-eabi/12.3.1/../../../../arm-none-eabi/lib/thumb/v7e-m+fp/hard/libc_nano.a(libc_a-localeconv.o)
                              /Applications/STM32CubeIDE.app/Contents/Eclipse/plugins/com.st.stm32cube.ide.mcu.externaltools.gnu-tools-for-stm32.12.3.rel1.macos64_1.1.0.202410301201/tools/bin/../lib/gcc/arm-none-eabi/12.3.1/../../../../arm-none-eabi/lib/thumb/v7e-m+fp/hard/libc_nano.a(libc_a-nano-vfprintf_float.o) (_localeconv_r)
/Applications/STM32CubeIDE.app/Contents/Eclipse/plugins/com.st.stm32cube.ide.mcu.externaltools.gnu-tools-for-stm32.12.3.rel1.macos64_1.1.0.202410301201/tools/bin/../lib/gcc/arm-none-eabi/12.3.1/../../../../arm-none-eabi/lib/thumb/v7e-m+fp/hard/libc_nano.a(libc_a-reent.o)
                              ./Middlewares/Third_Party/FreeRTOS/Source/tasks.o (_reclaim_reent)
/Applications/STM32CubeIDE.app/Contents/Eclipse/plugins/com.st.stm32cube.ide.mcu.externaltools.gnu-tools-for-stm32.12.3.rel1.macos64_1.1.0.202410301201/tools/bin/../lib/gcc/arm-none-eabi/12.3.1/../../../../arm-none-eabi/lib/thumb/v7e-m+fp/hard/libc_nano.a(libc_a-impure.o)
                              ./Middlewares/Third_Party/FreeRTOS/Source/tasks.o (_impure_ptr)
[...]
Memory Configuration

Name             Origin             Length             Attributes
RAM              0x20000000         0x0001c000         xrw
FLASH            0x08000000         0x00080000         xr
*default*        0x00000000         0xffffffff

Linker script and memory map

LOAD /Applications/STM32CubeIDE.app/Contents/Eclipse/plugins/com.st.stm32cube.ide.mcu.externaltools.gnu-tools-for-stm32.12.3.rel1.macos64_1.1.0.202410301201/tools/bin/../lib/gcc/arm-none-eabi/12.3.1/thumb/v7e-m+fp/hard/crti.o
LOAD /Applications/STM32CubeIDE.app/Contents/Eclipse/plugins/com.st.stm32cube.ide.mcu.externaltools.gnu-tools-for-stm32.12.3.rel1.macos64_1.1.0.202410301201/tools/bin/../lib/gcc/arm-none-eabi/12.3.1/thumb/v7e-m+fp/hard/crtbegin.o
LOAD /Applications/STM32CubeIDE.app/Contents/Eclipse/plugins/com.st.stm32cube.ide.mcu.externaltools.gnu-tools-for-stm32.12.3.rel1.macos64_1.1.0.202410301201/tools/bin/../lib/gcc/arm-none-eabi/12.3.1/../../../../arm-none-eabi/lib/thumb/v7e-m+fp/hard/crt0.o
LOAD ./Core/Src/Drivers/ltc2990.o
LOAD ./Core/Src/app_freertos.o
LOAD ./Core/Src/main.o
LOAD ./Core/Src/stm32g4xx_hal_msp.o
LOAD ./Core/Src/stm32g4xx_hal_timebase_tim.o
LOAD ./Core/Src/stm32g4xx_it.o
LOAD ./Core/Src/syscalls.o
LOAD ./Core/Src/sysmem.o
LOAD ./Core/Src/system_stm32g4xx.o
LOAD ./Core/Startup/startup_stm32g491cetx.o
LOAD ./Drivers/STM32G4xx_HAL_Driver/Src/stm32g4xx_hal.o
LOAD ./Drivers/STM32G4xx_HAL_Driver/Src/stm32g4xx_hal_cortex.o
LOAD ./Drivers/STM32G4xx_HAL_Driver/Src/stm32g4xx_hal_dma.o
LOAD ./Drivers/STM32G4xx_HAL_Driver/Src/stm32g4xx_hal_dma_ex.o
LOAD ./Drivers/STM32G4xx_HAL_Driver/Src/stm32g4xx_hal_exti.o
LOAD ./Drivers/STM32G4xx_HAL_Driver/Src/stm32g4xx_hal_fdcan.o
LOAD ./Drivers/STM32G4xx_HAL_Driver/Src/stm32g4xx_hal_flash.o
LOAD ./Drivers/STM32G4xx_HAL_Driver/Src/stm32g4xx_hal_flash_ex.o
LOAD ./Drivers/STM32G4xx_HAL_Driver/Src/stm32g4xx_hal_flash_ramfunc.o
LOAD ./Drivers/STM32G4xx_HAL_Driver/Src/stm32g4xx_hal_gpio.o
LOAD ./Drivers/STM32G4xx_HAL_Driver/Src/stm32g4xx_hal_i2c.o
LOAD ./Drivers/STM32G4xx_HAL_Driver/Src/stm32g4xx_hal_i2c_ex.o
LOAD ./Drivers/STM32G4xx_HAL_Driver/Src/stm32g4xx_hal_pcd.o
LOAD ./Drivers/STM32G4xx_HAL_Driver/Src/stm32g4xx_hal_pcd_ex.o
LOAD ./Drivers/STM32G4xx_HAL_Driver/Src/stm32g4xx_hal_pwr.o
LOAD ./Drivers/STM32G4xx_HAL_Driver/Src/stm32g4xx_hal_pwr_ex.o
LOAD ./Drivers/STM32G4xx_HAL_Driver/Src/stm32g4xx_hal_rcc.o
LOAD ./Drivers/STM32G4xx_HAL_Driver/Src/stm32g4xx_hal_rcc_ex.o
LOAD ./Drivers/STM32G4xx_HAL_Driver/Src/stm32g4xx_hal_tim.o
LOAD ./Drivers/STM32G4xx_HAL_Driver/Src/stm32g4xx_hal_tim_ex.o
LOAD ./Drivers/STM32G4xx_HAL_Driver/Src/stm32g4xx_hal_uart.o
LOAD ./Drivers/STM32G4xx_HAL_Driver/Src/stm32g4xx_hal_uart_ex.o
LOAD ./Drivers/STM32G4xx_HAL_Driver/Src/stm32g4xx_ll_usb.o
LOAD ./Middlewares/ST/STM32_USB_Device_Library/Class/CDC/Src/usbd_cdc.o
LOAD ./Middlewares/ST/STM32_USB_Device_Library/Core/Src/usbd_core.o
LOAD ./Middlewares/ST/STM32_USB_Device_Library/Core/Src/usbd_ctlreq.o
LOAD ./Middlewares/ST/STM32_USB_Device_Library/Core/Src/usbd_ioreq.o
LOAD ./Middlewares/Third_Party/FreeRTOS/Source/CMSIS_RTOS_V2/cmsis_os2.o
LOAD ./Middlewares/Third_Party/FreeRTOS/Source/croutine.o
LOAD ./Middlewares/Third_Party/FreeRTOS/Source/event_groups.o
LOAD ./Middlewares/Third_Party/FreeRTOS/Source/list.o
LOAD ./Middlewares/Third_Party/FreeRTOS/Source/queue.o
LOAD ./Middlewares/Third_Party/FreeRTOS/Source/stream_buffer.o
LOAD ./Middlewares/Third_Party/FreeRTOS/Source/tasks.o
LOAD ./Middlewares/Third_Party/FreeRTOS/Source/timers.o
LOAD ./Middlewares/Third_Party/FreeRTOS/Source/portable/GCC/ARM_CM4F/port.o
LOAD ./Middlewares/Third_Party/FreeRTOS/Source/portable/MemMang/heap_4.o
LOAD ./USB_Device/App/usb_device.o
LOAD ./USB_Device/App/usbd_cdc_if.o
LOAD ./USB_Device/App/usbd_desc.o
LOAD ./USB_Device/Target/usbd_conf.o
START GROUP
LOAD /Applications/STM32CubeIDE.app/Contents/Eclipse/plugins/com.st.stm32cube.ide.mcu.externaltools.gnu-tools-for-stm32.12.3.rel1.macos64_1.1.0.202410301201/tools/bin/../lib/gcc/arm-none-eabi/12.3.1/../../../../arm-none-eabi/lib/thumb/v7e-m+fp/hard/libc_nano.a
LOAD /Applications/STM32CubeIDE.app/Contents/Eclipse/plugins/com.st.stm32cube.ide.mcu.externaltools.gnu-tools-for-stm32.12.3.rel1.macos64_1.1.0.202410301201/tools/bin/../lib/gcc/arm-none-eabi/12.3.1/../../../../arm-none-eabi/lib/thumb/v7e-m+fp/hard/libm.a
END GROUP
START GROUP
LOAD /Applications/STM32CubeIDE.app/Contents/Eclipse/plugins/com.st.stm32cube.ide.mcu.externaltools.gnu-tools-for-stm32.12.3.rel1.macos64_1.1.0.202410301201/tools/bin/../lib/gcc/arm-none-eabi/12.3.1/thumb/v7e-m+fp/hard/libgcc.a
LOAD /Applications/STM32CubeIDE.app/Contents/Eclipse/plugins/com.st.stm32cube.ide.mcu.externaltools.gnu-tools-for-stm32.12.3.rel1.macos64_1.1.0.202410301201/tools/bin/../lib/gcc/arm-none-eabi/12.3.1/../../../../arm-none-eabi/lib/thumb/v7e-m+fp/hard/libc_nano.a
END GROUP
START GROUP
LOAD /Applications/STM32CubeIDE.app/Contents/Eclipse/plugins/com.st.stm32cube.ide.mcu.externaltools.gnu-tools-for-stm32.12.3.rel1.macos64_1.1.0.202410301201/tools/bin/../lib/gcc/arm-none-eabi/12.3.1/thumb/v7e-m+fp/hard/libgcc.a
LOAD /Applications/STM32CubeIDE.app/Contents/Eclipse/plugins/com.st.stm32cube.ide.mcu.externaltools.gnu-tools-for-stm32.12.3.rel1.macos64_1.1.0.202410301201/tools/bin/../lib/gcc/arm-none-eabi/12.3.1/../../../../arm-none-eabi/lib/thumb/v7e-m+fp/hard/libc_nano.a
LOAD /Applications/STM32CubeIDE.app/Contents/Eclipse/plugins/com.st.stm32cube.ide.mcu.externaltools.gnu-tools-for-stm32.12.3.rel1.macos64_1.1.0.202410301201/tools/bin/../lib/gcc/arm-none-eabi/12.3.1/../../../../arm-none-eabi/lib/thumb/v7e-m+fp/hard/libnosys.a
END GROUP
START GROUP
LOAD /Applications/STM32CubeIDE.app/Contents/Eclipse/plugins/com.st.stm32cube.ide.mcu.externaltools.gnu-tools-for-stm32.12.3.rel1.macos64_1.1.0.202410301201/tools/bin/../lib/gcc/arm-none-eabi/12.3.1/thumb/v7e-m+fp/hard/libgcc.a
LOAD /Applications/STM32CubeIDE.app/Contents/Eclipse/plugins/com.st.stm32cube.ide.mcu.externaltools.gnu-tools-for-stm32.12.3.rel1.macos64_1.1.0.202410301201/tools/bin/../lib/gcc/arm-none-eabi/12.3.1/../../../../arm-none-eabi/lib/thumb/v7e-m+fp/hard/libc_nano.a
LOAD /Applications/STM32CubeIDE.app/Contents/Eclipse/plugins/com.st.stm32cube.ide.mcu.externaltools.gnu-tools-for-stm32.12.3.rel1.macos64_1.1.0.202410301201/tools/bin/../lib/gcc/arm-none-eabi/12.3.1/../../../../arm-none-eabi/lib/thumb/v7e-m+fp/hard/libnosys.a
END GROUP
LOAD /Applications/STM32CubeIDE.app/Contents/Eclipse/plugins/com.st.stm32cube.ide.mcu.externaltools.gnu-tools-for-stm32.12.3.rel1.macos64_1.1.0.202410301201/tools/bin/../lib/gcc/arm-none-eabi/12.3.1/thumb/v7e-m+fp/hard/crtend.o
LOAD /Applications/STM32CubeIDE.app/Contents/Eclipse/plugins/com.st.stm32cube.ide.mcu.externaltools.gnu-tools-for-stm32.12.3.rel1.macos64_1.1.0.202410301201/tools/bin/../lib/gcc/arm-none-eabi/12.3.1/thumb/v7e-m+fp/hard/crtn.o
                0x2001c000                        _estack = (ORIGIN (RAM) + LENGTH (RAM))
                0x00000200                        _Min_Heap_Size = 0x200
                0x00000400                        _Min_Stack_Size = 0x400

.isr_vector     0x08000000      0x1d8
                0x08000000                        . = ALIGN (0x4)
 *(.isr_vector)
 .isr_vector    0x08000000      0x1d8 ./Core/Startup/startup_stm32g491cetx.o
                0x08000000                g_pfnVectors
                0x080001d8                        . = ALIGN (0x4)

.text           0x080001e0    0x10ef0
                0x080001e0                        . = ALIGN (0x4)
 *(.text)
 .text          0x080001e0       0x40 /Applications/STM32CubeIDE.app/Contents/Eclipse/plugins/com.st.stm32cube.ide.mcu.externaltools.gnu-tools-for-stm32.12.3.rel1.macos64_1.1.0.202410301201/tools/bin/../lib/gcc/arm-none-eabi/12.3.1/thumb/v7e-m+fp/hard/crtbegin.o
 .text          0x08000220       0xa0 /Applications/STM32CubeIDE.app/Contents/Eclipse/plugins/com.st.stm32cube.ide.mcu.externaltools.gnu-tools-for-stm32.12.3.rel1.macos64_1.1.0.202410301201/tools/bin/../lib/gcc/arm-none-eabi/12.3.1/../../../../arm-none-eabi/lib/thumb/v7e-m+fp/hard/libc_nano.a(libc_a-memchr.o)
                0x08000220                memchr
 .text          0x080002c0       0x10 /Applications/STM32CubeIDE.app/Contents/Eclipse/plugins/com.st.stm32cube.ide.mcu.externaltools.gnu-tools-for-stm32.12.3.rel1.macos64_1.1.0.202410301201/tools/bin/../lib/gcc/arm-none-eabi/12.3.1/../../../../arm-none-eabi/lib/thumb/v7e-m+fp/hard/libc_nano.a(libc_a-strlen.o)
                0x080002c0                strlen
 .text          0x080002d0      0x378 /Applications/STM32CubeIDE.app/Contents/Eclipse/plugins/com.st.stm32cube.ide.mcu.externaltools.gnu-tools-for-stm32.12.3.rel1.macos64_1.1.0.202410301201/tools/bin/../lib/gcc/arm-none-eabi/12.3.1/thumb/v7e-m+fp/hard/libgcc.a(_arm_addsubdf3.o)
                0x080002d0                __aeabi_drsub
                0x080002d8                __subdf3
                0x080002d8                __aeabi_dsub
                0x080002dc                __aeabi_dadd
                0x080002dc                __adddf3
                0x08000554                __aeabi_ui2d
                0x08000554                __floatunsidf
                0x08000574                __floatsidf
                0x08000574                __aeabi_i2d
                0x08000598                __extendsfdf2
                0x08000598                __aeabi_f2d
                0x080005dc                __aeabi_ul2d
                0x080005dc                __floatundidf
                0x080005ec                __aeabi_l2d
                0x080005ec                __floatdidf
 .text          0x08000648      0x424 /Applications/STM32CubeIDE.app/Contents/Eclipse/plugins/com.st.stm32cube.ide.mcu.externaltools.gnu-tools-for-stm32.12.3.rel1.macos64_1.1.0.202410301201/tools/bin/../lib/gcc/arm-none-eabi/12.3.1/thumb/v7e-m+fp/hard/libgcc.a(_arm_muldivdf3.o)
                0x08000648                __aeabi_dmul
                0x08000648                __muldf3
                0x0800089c                __aeabi_ddiv
                0x0800089c                __divdf3
 .text          0x08000a6c      0x110 /Applications/STM32CubeIDE.app/Contents/Eclipse/plugins/com.st.stm32cube.ide.mcu.externaltools.gnu-tools-for-stm32.12.3.rel1.macos64_1.1.0.202410301201/tools/bin/../lib/gcc/arm-none-eabi/12.3.1/thumb/v7e-m+fp/hard/libgcc.a(_arm_cmpdf2.o)
                0x08000a6c                __gedf2
                0x08000a6c                __gtdf2
                0x08000a74                __ledf2
                0x08000a74                __ltdf2
                0x08000a7c                __cmpdf2
                0x08000a7c                __eqdf2
                0x08000a7c                __nedf2
                0x08000af8                __aeabi_cdrcmple
                0x08000b08                __aeabi_cdcmple
                0x08000b08                __aeabi_cdcmpeq
                0x08000b18                __aeabi_dcmpeq
                0x08000b2c                __aeabi_dcmplt
                0x08000b40                __aeabi_dcmple
                0x08000b54                __aeabi_dcmpge
                0x08000b68                __aeabi_dcmpgt
 .text          0x08000b7c       0x2c /Applications/STM32CubeIDE.app/Contents/Eclipse/plugins/com.st.stm32cube.ide.mcu.externaltools.gnu-tools-for-stm32.12.3.rel1.macos64_1.1.0.202410301201/tools/bin/../lib/gcc/arm-none-eabi/12.3.1/thumb/v7e-m+fp/hard/libgcc.a(_arm_unorddf2.o)
                0x08000b7c                __aeabi_dcmpun
                0x08000b7c                __unorddf2
 .text          0x08000ba8       0x50 /Applications/STM32CubeIDE.app/Contents/Eclipse/plugins/com.st.stm32cube.ide.mcu.externaltools.gnu-tools-for-stm32.12.3.rel1.macos64_1.1.0.202410301201/tools/bin/../lib/gcc/arm-none-eabi/12.3.1/thumb/v7e-m+fp/hard/libgcc.a(_arm_fixdfsi.o)
                0x08000ba8                __fixdfsi
                0x08000ba8                __aeabi_d2iz
 .text          0x08000bf8       0x30 /Applications/STM32CubeIDE.app/Contents/Eclipse/plugins/com.st.stm32cube.ide.mcu.externaltools.gnu-tools-for-stm32.12.3.rel1.macos64_1.1.0.202410301201/tools/bin/../lib/gcc/arm-none-eabi/12.3.1/thumb/v7e-m+fp/hard/libgcc.a(_aeabi_uldivmod.o)
                0x08000bf8                __aeabi_uldivmod
 .text          0x08000c28      0x2bc /Applications/STM32CubeIDE.app/Contents/Eclipse/plugins/com.st.stm32cube.ide.mcu.externaltools.gnu-tools-for-stm32.12.3.rel1.macos64_1.1.0.202410301201/tools/bin/../lib/gcc/arm-none-eabi/12.3.1/thumb/v7e-m+fp/hard/libgcc.a(_udivmoddi4.o)
                0x08000c28                __udivmoddi4
 .text          0x08000ee4        0x4 /Applications/STM32CubeIDE.app/Contents/Eclipse/plugins/com.st.stm32cube.ide.mcu.externaltools.gnu-tools-for-stm32.12.3.rel1.macos64_1.1.0.202410301201/tools/bin/../lib/gcc/arm-none-eabi/12.3.1/thumb/v7e-m+fp/hard/libgcc.a(_dvmd_tls.o)
                0x08000ee4                __aeabi_ldiv0
                0x08000ee4                __aeabi_idiv0
 *(.text*)
 .text.LTC2990_Init
                0x08000ee8       0xa4 ./Core/Src/Drivers/ltc2990.o
                0x08000ee8                LTC2990_Init
 .text.LTC2990_Step
                0x08000f8c       0xd8 ./Core/Src/Drivers/ltc2990.o
                0x08000f8c                LTC2990_Step
 .text.LTC2990_Get_Voltage
                0x08001064       0x40 ./Core/Src/Drivers/ltc2990.o
                0x08001064                LTC2990_Get_Voltage
 .text.LTC2990_Enable_All_Voltages
                0x080010a4       0x1c ./Core/Src/Drivers/ltc2990.o
                0x080010a4                LTC2990_Enable_All_Voltages
 .text.LTC2990_Set_Mode
                0x080010c0       0x88 ./Core/Src/Drivers/ltc2990.o
                0x080010c0                LTC2990_Set_Mode
 .text.LTC2990_Trigger_Conversion
                0x08001148       0x1c ./Core/Src/Drivers/ltc2990.o
                0x08001148                LTC2990_Trigger_Conversion
 .text.LTC2990_ADC_Read_New_Data
                0x08001164      0x104 ./Core/Src/Drivers/ltc2990.o
                0x08001164                LTC2990_ADC_Read_New_Data
 .text.LTC2990_Code_To_Single_Ended_Voltage
                0x08001268       0x78 ./Core/Src/Drivers/ltc2990.o
                0x08001268                LTC2990_Code_To_Single_Ended_Voltage
 .text.LTC2990_Read_Register
                0x080012e0       0x58 ./Core/Src/Drivers/ltc2990.o
                0x080012e0                LTC2990_Read_Register
 .text.LTC2990_Write_Register
                0x08001338       0x5c ./Core/Src/Drivers/ltc2990.o
                0x08001338                LTC2990_Write_Register
 .text.CDC_Transmit_Print
                0x08001394       0x4e ./Core/Src/main.o
                0x08001394                CDC_Transmit_Print
 *fill*         0x080013e2        0x2 
 .text.main     0x080013e4       0xb4 ./Core/Src/main.o
                0x080013e4                main
 .text.SystemClock_Config
                0x08001498       0x84 ./Core/Src/main.o
                0x08001498                SystemClock_Config
 .text.MX_FDCAN2_Init
                0x0800151c       0x90 ./Core/Src/main.o
 .text.MX_I2C2_Init
                0x080015ac       0x80 ./Core/Src/main.o
 .text.MX_USART2_UART_Init
                0x0800162c       0x98 ./Core/Src/main.o
 .text.MX_GPIO_Init
                0x080016c4       0xc0 ./Core/Src/main.o
 .text.StartBlink
                0x08001784       0x20 ./Core/Src/main.o
                0x08001784                StartBlink
 .text.startReadVoltageTask
                0x080017a4       0x8c ./Core/Src/main.o
                0x080017a4                startReadVoltageTask
 .text.StartSendMessage
                0x08001830       0x64 ./Core/Src/main.o
                0x08001830                StartSendMessage
 .text.HAL_TIM_PeriodElapsedCallback
                0x08001894       0x24 ./Core/Src/main.o
                0x08001894                HAL_TIM_PeriodElapsedCallback
 .text.Error_Handler
                0x080018b8        0xc ./Core/Src/main.o
                0x080018b8                Error_Handler
 .text.HAL_MspInit
                0x080018c4       0x54 ./Core/Src/stm32g4xx_hal_msp.o
                0x080018c4                HAL_MspInit
 .text.HAL_FDCAN_MspInit
                0x08001918       0xb8 ./Core/Src/stm32g4xx_hal_msp.o
                0x08001918                HAL_FDCAN_MspInit
 .text.HAL_I2C_MspInit
                0x080019d0       0xb0 ./Core/Src/stm32g4xx_hal_msp.o
                0x080019d0                HAL_I2C_MspInit
 .text.HAL_UART_MspInit
                0x08001a80       0xb0 ./Core/Src/stm32g4xx_hal_msp.o
                0x08001a80                HAL_UART_MspInit
 .text.HAL_InitTick
                0x08001b30       0xd8 ./Core/Src/stm32g4xx_hal_timebase_tim.o
                0x08001b30                HAL_InitTick
 .text.NMI_Handler
                0x08001c08        0x8 ./Core/Src/stm32g4xx_it.o
                0x08001c08                NMI_Handler
 .text.HardFault_Handler
                0x08001c10        0x8 ./Core/Src/stm32g4xx_it.o
                0x08001c10                HardFault_Handler
 .text.MemManage_Handler
                0x08001c18        0x8 ./Core/Src/stm32g4xx_it.o
                0x08001c18                MemManage_Handler
 .text.BusFault_Handler
                0x08001c20        0x8 ./Core/Src/stm32g4xx_it.o
                0x08001c20                BusFault_Handler
 .text.UsageFault_Handler
                0x08001c28        0x8 ./Core/Src/stm32g4xx_it.o
                0x08001c28                UsageFault_Handler
 .text.DebugMon_Handler
                0x08001c30        0xe ./Core/Src/stm32g4xx_it.o
                0x08001c30                DebugMon_Handler
 *fill*         0x08001c3e        0x2 
 .text.USB_LP_IRQHandler
                0x08001c40       0x14 ./Core/Src/stm32g4xx_it.o
                0x08001c40                USB_LP_IRQHandler
 .text.TIM1_UP_TIM16_IRQHandler
                0x08001c54       0x14 ./Core/Src/stm32g4xx_it.o
                0x08001c54                TIM1_UP_TIM16_IRQHandler
 .text._getpid  0x08001c68       0x10 ./Core/Src/syscalls.o
                0x08001c68                _getpid
 .text._kill    0x08001c78       0x20 ./Core/Src/syscalls.o
                0x08001c78                _kill
 .text._exit    0x08001c98       0x16 ./Core/Src/syscalls.o
                0x08001c98                _exit
 .text._read    0x08001cae       0x3a ./Core/Src/syscalls.o
                0x08001cae                _read
 .text._write   0x08001ce8       0x38 ./Core/Src/syscalls.o
                0x08001ce8                _write
 .text._close   0x08001d20       0x18 ./Core/Src/syscalls.o
                0x08001d20                _close
 .text._fstat   0x08001d38       0x20 ./Core/Src/syscalls.o
                0x08001d38                _fstat
 .text._isatty  0x08001d58       0x16 ./Core/Src/syscalls.o
                0x08001d58                _isatty
 .text._lseek   0x08001d6e       0x1a ./Core/Src/syscalls.o
                0x08001d6e                _lseek
 .text._sbrk    0x08001d88       0x6c ./Core/Src/sysmem.o
                0x08001d88                _sbrk
 .text.SystemInit
                0x08001df4       0x24 ./Core/Src/system_stm32g4xx.o
                0x08001df4                SystemInit
 .text.Reset_Handler
                0x08001e18       0x50 ./Core/Startup/startup_stm32g491cetx.o
                0x08001e18                Reset_Handler
 .text.Default_Handler
                0x08001e68        0x2 ./Core/Startup/startup_stm32g491cetx.o
                0x08001e68                TIM1_BRK_TIM15_IRQHandler
                0x08001e68                EXTI2_IRQHandler
                0x08001e68                TIM8_TRG_COM_IRQHandler
                0x08001e68                TIM8_CC_IRQHandler
                0x08001e68                TIM1_CC_IRQHandler
                0x08001e68                USB_HP_IRQHandler
                0x08001e68                CORDIC_IRQHandler
                0x08001e68                DMA2_Channel8_IRQHandler
                0x08001e68                EXTI3_IRQHandler
                0x08001e68                I2C3_ER_IRQHandler
                0x08001e68                EXTI0_IRQHandler
                0x08001e68                I2C2_EV_IRQHandler
                0x08001e68                FPU_IRQHandler
                0x08001e68                FDCAN1_IT1_IRQHandler
                0x08001e68                ADC1_2_IRQHandler
                0x08001e68                SPI1_IRQHandler
                0x08001e68                TIM6_DAC_IRQHandler
                0x08001e68                TIM8_UP_IRQHandler
                0x08001e68                DMA2_Channel2_IRQHandler
                0x08001e68                DMA1_Channel4_IRQHandler
                0x08001e68                TIM20_TRG_COM_IRQHandler
                0x08001e68                USART3_IRQHandler
                0x08001e68                DMA1_Channel7_IRQHandler
                0x08001e68                UART5_IRQHandler
                0x08001e68                ADC3_IRQHandler
                0x08001e68                TIM4_IRQHandler
                0x08001e68                DMA2_Channel1_IRQHandler
                0x08001e68                QUADSPI_IRQHandler
                0x08001e68                I2C1_EV_IRQHandler
                0x08001e68                DMA1_Channel6_IRQHandler
                0x08001e68                UART4_IRQHandler
                0x08001e68                DMA2_Channel4_IRQHandler
                0x08001e68                TIM3_IRQHandler
                0x08001e68                RCC_IRQHandler
                0x08001e68                TIM20_UP_IRQHandler
                0x08001e68                DMA1_Channel1_IRQHandler
                0x08001e68                Default_Handler
                0x08001e68                DMA2_Channel7_IRQHandler
                0x08001e68                RTC_TAMP_LSECSS_IRQHandler
                0x08001e68                FMAC_IRQHandler
                0x08001e68                EXTI15_10_IRQHandler
                0x08001e68                DMA1_Channel8_IRQHandler
                0x08001e68                TIM7_IRQHandler
                0x08001e68                UCPD1_IRQHandler
                0x08001e68                I2C3_EV_IRQHandler
                0x08001e68                EXTI9_5_IRQHandler
                0x08001e68                RTC_WKUP_IRQHandler
                0x08001e68                PVD_PVM_IRQHandler
                0x08001e68                SPI2_IRQHandler
                0x08001e68                DMA2_Channel5_IRQHandler
                0x08001e68                CRS_IRQHandler
                0x08001e68                DMA1_Channel5_IRQHandler
                0x08001e68                EXTI4_IRQHandler
                0x08001e68                RNG_IRQHandler
                0x08001e68                TIM1_TRG_COM_TIM17_IRQHandler
                0x08001e68                FDCAN2_IT1_IRQHandler
                0x08001e68                DMA1_Channel3_IRQHandler
                0x08001e68                WWDG_IRQHandler
                0x08001e68                FDCAN2_IT0_IRQHandler
                0x08001e68                LPUART1_IRQHandler
                0x08001e68                DMA2_Channel6_IRQHandler
                0x08001e68                FDCAN1_IT0_IRQHandler
                0x08001e68                TIM2_IRQHandler
                0x08001e68                COMP1_2_3_IRQHandler
                0x08001e68                EXTI1_IRQHandler
                0x08001e68                USART2_IRQHandler
                0x08001e68                TIM20_BRK_IRQHandler
                0x08001e68                I2C2_ER_IRQHandler
                0x08001e68                DMA1_Channel2_IRQHandler
                0x08001e68                TIM8_BRK_IRQHandler
                0x08001e68                FLASH_IRQHandler
                0x08001e68                TIM20_CC_IRQHandler
                0x08001e68                USART1_IRQHandler
                0x08001e68                SPI3_IRQHandler
                0x08001e68                I2C1_ER_IRQHandler
                0x08001e68                LPTIM1_IRQHandler
                0x08001e68                DMAMUX_OVR_IRQHandler
                0x08001e68                USBWakeUp_IRQHandler
                0x08001e68                SAI1_IRQHandler
                0x08001e68                DMA2_Channel3_IRQHandler
                0x08001e68                COMP4_IRQHandler
                0x08001e68                RTC_Alarm_IRQHandler
 .text.HAL_Init
                0x08001e6a       0x30 ./Drivers/STM32G4xx_HAL_Driver/Src/stm32g4xx_hal.o
                0x08001e6a                HAL_Init
 *fill*         0x08001e9a        0x2 
 .text.HAL_IncTick
                0x08001e9c       0x24 ./Drivers/STM32G4xx_HAL_Driver/Src/stm32g4xx_hal.o
                0x08001e9c                HAL_IncTick
 .text.HAL_GetTick
                0x08001ec0       0x18 ./Drivers/STM32G4xx_HAL_Driver/Src/stm32g4xx_hal.o
                0x08001ec0                HAL_GetTick
 .text.HAL_Delay
                0x08001ed8       0x44 ./Drivers/STM32G4xx_HAL_Driver/Src/stm32g4xx_hal.o
                0x08001ed8                HAL_Delay
 .text.__NVIC_SetPriorityGrouping
                0x08001f1c       0x48 ./Drivers/STM32G4xx_HAL_Driver/Src/stm32g4xx_hal_cortex.o
 .text.__NVIC_GetPriorityGrouping
                0x08001f64       0x1c ./Drivers/STM32G4xx_HAL_Driver/Src/stm32g4xx_hal_cortex.o
 .text.__NVIC_EnableIRQ
                0x08001f80       0x3c ./Drivers/STM32G4xx_HAL_Driver/Src/stm32g4xx_hal_cortex.o
 .text.__NVIC_SetPriority
                0x08001fbc       0x54 ./Drivers/STM32G4xx_HAL_Driver/Src/stm32g4xx_hal_cortex.o
 .text.NVIC_EncodePriority
                0x08002010       0x66 ./Drivers/STM32G4xx_HAL_Driver/Src/stm32g4xx_hal_cortex.o
 .text.HAL_NVIC_SetPriorityGrouping
                0x08002076       0x16 ./Drivers/STM32G4xx_HAL_Driver/Src/stm32g4xx_hal_cortex.o
                0x08002076                HAL_NVIC_SetPriorityGrouping
 .text.HAL_NVIC_SetPriority
                0x0800208c       0x34 ./Drivers/STM32G4xx_HAL_Driver/Src/stm32g4xx_hal_cortex.o
                0x0800208c                HAL_NVIC_SetPriority
 .text.HAL_NVIC_EnableIRQ
                0x080020c0       0x1c ./Drivers/STM32G4xx_HAL_Driver/Src/stm32g4xx_hal_cortex.o
                0x080020c0                HAL_NVIC_EnableIRQ
 .text.HAL_FDCAN_Init
                0x080020dc      0x2b4 ./Drivers/STM32G4xx_HAL_Driver/Src/stm32g4xx_hal_fdcan.o
                0x080020dc                HAL_FDCAN_Init
 .text.HAL_FDCAN_Start
                0x08002390       0x50 ./Drivers/STM32G4xx_HAL_Driver/Src/stm32g4xx_hal_fdcan.o
                0x08002390                HAL_FDCAN_Start
 .text.HAL_FDCAN_AddMessageToTxFifoQ
                0x080023e0       0x88 ./Drivers/STM32G4xx_HAL_Driver/Src/stm32g4xx_hal_fdcan.o
                0x080023e0                HAL_FDCAN_AddMessageToTxFifoQ
 .text.FDCAN_CalcultateRamBlockAddresses
                0x08002468       0xc4 ./Drivers/STM32G4xx_HAL_Driver/Src/stm32g4xx_hal_fdcan.o
 .text.FDCAN_CopyMessageToRAM
                0x0800252c       0xf8 ./Drivers/STM32G4xx_HAL_Driver/Src/stm32g4xx_hal_fdcan.o
 .text.HAL_GPIO_Init
                0x08002624      0x304 ./Drivers/STM32G4xx_HAL_Driver/Src/stm32g4xx_hal_gpio.o
                0x08002624                HAL_GPIO_Init
 .text.HAL_GPIO_WritePin
                0x08002928       0x30 ./Drivers/STM32G4xx_HAL_Driver/Src/stm32g4xx_hal_gpio.o
                0x08002928                HAL_GPIO_WritePin
 .text.HAL_GPIO_TogglePin
                0x08002958       0x34 ./Drivers/STM32G4xx_HAL_Driver/Src/stm32g4xx_hal_gpio.o
                0x08002958                HAL_GPIO_TogglePin
 .text.HAL_I2C_Init
                0x0800298c      0x136 ./Drivers/STM32G4xx_HAL_Driver/Src/stm32g4xx_hal_i2c.o
                0x0800298c                HAL_I2C_Init
 *fill*         0x08002ac2        0x2 
 .text.HAL_I2C_Mem_Write
                0x08002ac4      0x228 ./Drivers/STM32G4xx_HAL_Driver/Src/stm32g4xx_hal_i2c.o
                0x08002ac4                HAL_I2C_Mem_Write
 .text.HAL_I2C_Mem_Read
                0x08002cec      0x234 ./Drivers/STM32G4xx_HAL_Driver/Src/stm32g4xx_hal_i2c.o
                0x08002cec                HAL_I2C_Mem_Read
 .text.I2C_RequestMemoryWrite
                0x08002f20       0xa8 ./Drivers/STM32G4xx_HAL_Driver/Src/stm32g4xx_hal_i2c.o
 .text.I2C_RequestMemoryRead
                0x08002fc8       0xa8 ./Drivers/STM32G4xx_HAL_Driver/Src/stm32g4xx_hal_i2c.o
 .text.I2C_Flush_TXDR
                0x08003070       0x48 ./Drivers/STM32G4xx_HAL_Driver/Src/stm32g4xx_hal_i2c.o
 .text.I2C_WaitOnFlagUntilTimeout
                0x080030b8       0xb2 ./Drivers/STM32G4xx_HAL_Driver/Src/stm32g4xx_hal_i2c.o
 .text.I2C_WaitOnTXISFlagUntilTimeout
                0x0800316a       0x8e ./Drivers/STM32G4xx_HAL_Driver/Src/stm32g4xx_hal_i2c.o
 .text.I2C_WaitOnSTOPFlagUntilTimeout
                0x080031f8       0x86 ./Drivers/STM32G4xx_HAL_Driver/Src/stm32g4xx_hal_i2c.o
 *fill*         0x0800327e        0x2 
 .text.I2C_IsErrorOccurred
                0x08003280      0x1c0 ./Drivers/STM32G4xx_HAL_Driver/Src/stm32g4xx_hal_i2c.o
 .text.I2C_TransferConfig
                0x08003440       0x64 ./Drivers/STM32G4xx_HAL_Driver/Src/stm32g4xx_hal_i2c.o
 .text.HAL_I2CEx_ConfigAnalogFilter
                0x080034a4       0x96 ./Drivers/STM32G4xx_HAL_Driver/Src/stm32g4xx_hal_i2c_ex.o
                0x080034a4                HAL_I2CEx_ConfigAnalogFilter
 .text.HAL_I2CEx_ConfigDigitalFilter
                0x0800353a       0x98 ./Drivers/STM32G4xx_HAL_Driver/Src/stm32g4xx_hal_i2c_ex.o
                0x0800353a                HAL_I2CEx_ConfigDigitalFilter
 .text.HAL_PCD_Init
                0x080035d2      0x19c ./Drivers/STM32G4xx_HAL_Driver/Src/stm32g4xx_hal_pcd.o
                0x080035d2                HAL_PCD_Init
 .text.HAL_PCD_Start
                0x0800376e       0x44 ./Drivers/STM32G4xx_HAL_Driver/Src/stm32g4xx_hal_pcd.o
                0x0800376e                HAL_PCD_Start
 .text.HAL_PCD_IRQHandler
                0x080037b2      0x24e ./Drivers/STM32G4xx_HAL_Driver/Src/stm32g4xx_hal_pcd.o
                0x080037b2                HAL_PCD_IRQHandler
 .text.HAL_PCD_SetAddress
                0x08003a00       0x48 ./Drivers/STM32G4xx_HAL_Driver/Src/stm32g4xx_hal_pcd.o
                0x08003a00                HAL_PCD_SetAddress
 .text.HAL_PCD_EP_Open
                0x08003a48       0xbe ./Drivers/STM32G4xx_HAL_Driver/Src/stm32g4xx_hal_pcd.o
                0x08003a48                HAL_PCD_EP_Open
 .text.HAL_PCD_EP_Close
                0x08003b06       0x90 ./Drivers/STM32G4xx_HAL_Driver/Src/stm32g4xx_hal_pcd.o
                0x08003b06                HAL_PCD_EP_Close
 .text.HAL_PCD_EP_Receive
                0x08003b96       0x62 ./Drivers/STM32G4xx_HAL_Driver/Src/stm32g4xx_hal_pcd.o
                0x08003b96                HAL_PCD_EP_Receive
 .text.HAL_PCD_EP_GetRxCount
                0x08003bf8       0x30 ./Drivers/STM32G4xx_HAL_Driver/Src/stm32g4xx_hal_pcd.o
                0x08003bf8                HAL_PCD_EP_GetRxCount
 .text.HAL_PCD_EP_Transmit
                0x08003c28       0x6e ./Drivers/STM32G4xx_HAL_Driver/Src/stm32g4xx_hal_pcd.o
                0x08003c28                HAL_PCD_EP_Transmit
 .text.HAL_PCD_EP_SetStall
                0x08003c96       0xa4 ./Drivers/STM32G4xx_HAL_Driver/Src/stm32g4xx_hal_pcd.o
                0x08003c96                HAL_PCD_EP_SetStall
 .text.HAL_PCD_EP_ClrStall
                0x08003d3a       0xa8 ./Drivers/STM32G4xx_HAL_Driver/Src/stm32g4xx_hal_pcd.o
                0x08003d3a                HAL_PCD_EP_ClrStall
 .text.PCD_EP_ISR_Handler
                0x08003de2      0x68e ./Drivers/STM32G4xx_HAL_Driver/Src/stm32g4xx_hal_pcd.o
 .text.HAL_PCD_EP_DB_Receive
                0x08004470      0x212 ./Drivers/STM32G4xx_HAL_Driver/Src/stm32g4xx_hal_pcd.o
 .text.HAL_PCD_EP_DB_Transmit
                0x08004682      0x878 ./Drivers/STM32G4xx_HAL_Driver/Src/stm32g4xx_hal_pcd.o
 .text.HAL_PCDEx_PMAConfig
                0x08004efa       0x86 ./Drivers/STM32G4xx_HAL_Driver/Src/stm32g4xx_hal_pcd_ex.o
                0x08004efa                HAL_PCDEx_PMAConfig
 .text.HAL_PCDEx_ActivateLPM
                0x08004f80       0x54 ./Drivers/STM32G4xx_HAL_Driver/Src/stm32g4xx_hal_pcd_ex.o
                0x08004f80                HAL_PCDEx_ActivateLPM
 .text.HAL_PWREx_ControlVoltageScaling
                0x08004fd4      0x148 ./Drivers/STM32G4xx_HAL_Driver/Src/stm32g4xx_hal_pwr_ex.o
                0x08004fd4                HAL_PWREx_ControlVoltageScaling
 .text.HAL_PWREx_DisableUCPDDeadBattery
                0x0800511c       0x20 ./Drivers/STM32G4xx_HAL_Driver/Src/stm32g4xx_hal_pwr_ex.o
                0x0800511c                HAL_PWREx_DisableUCPDDeadBattery
 .text.HAL_RCC_OscConfig
                0x0800513c      0x624 ./Drivers/STM32G4xx_HAL_Driver/Src/stm32g4xx_hal_rcc.o
                0x0800513c                HAL_RCC_OscConfig
 .text.HAL_RCC_ClockConfig
                0x08005760      0x278 ./Drivers/STM32G4xx_HAL_Driver/Src/stm32g4xx_hal_rcc.o
                0x08005760                HAL_RCC_ClockConfig
 .text.HAL_RCC_GetSysClockFreq
                0x080059d8       0xc4 ./Drivers/STM32G4xx_HAL_Driver/Src/stm32g4xx_hal_rcc.o
                0x080059d8                HAL_RCC_GetSysClockFreq
 .text.HAL_RCC_GetHCLKFreq
                0x08005a9c       0x18 ./Drivers/STM32G4xx_HAL_Driver/Src/stm32g4xx_hal_rcc.o
                0x08005a9c                HAL_RCC_GetHCLKFreq
 .text.HAL_RCC_GetPCLK1Freq
                0x08005ab4       0x2c ./Drivers/STM32G4xx_HAL_Driver/Src/stm32g4xx_hal_rcc.o
                0x08005ab4                HAL_RCC_GetPCLK1Freq
 .text.HAL_RCC_GetPCLK2Freq
                0x08005ae0       0x2c ./Drivers/STM32G4xx_HAL_Driver/Src/stm32g4xx_hal_rcc.o
                0x08005ae0                HAL_RCC_GetPCLK2Freq
 .text.HAL_RCC_GetClockConfig
                0x08005b0c       0x64 ./Drivers/STM32G4xx_HAL_Driver/Src/stm32g4xx_hal_rcc.o
                0x08005b0c                HAL_RCC_GetClockConfig
 .text.RCC_GetSysClockFreqFromPLLSource
                0x08005b70       0x8c ./Drivers/STM32G4xx_HAL_Driver/Src/stm32g4xx_hal_rcc.o
 .text.HAL_RCCEx_PeriphCLKConfig
                0x08005bfc      0x478 ./Drivers/STM32G4xx_HAL_Driver/Src/stm32g4xx_hal_rcc_ex.o
                0x08005bfc                HAL_RCCEx_PeriphCLKConfig
 .text.HAL_TIM_Base_Init
                0x08006074       0xae ./Drivers/STM32G4xx_HAL_Driver/Src/stm32g4xx_hal_tim.o
                0x08006074                HAL_TIM_Base_Init
 .text.HAL_TIM_Base_MspInit
                0x08006122       0x14 ./Drivers/STM32G4xx_HAL_Driver/Src/stm32g4xx_hal_tim.o
                0x08006122                HAL_TIM_Base_MspInit
 *fill*         0x08006136        0x2 
 .text.HAL_TIM_Base_Start_IT
                0x08006138       0xe0 ./Drivers/STM32G4xx_HAL_Driver/Src/stm32g4xx_hal_tim.o
                0x08006138                HAL_TIM_Base_Start_IT
 .text.HAL_TIM_IRQHandler
                0x08006218      0x29e ./Drivers/STM32G4xx_HAL_Driver/Src/stm32g4xx_hal_tim.o
                0x08006218                HAL_TIM_IRQHandler
 .text.HAL_TIM_OC_DelayElapsedCallback
                0x080064b6       0x14 ./Drivers/STM32G4xx_HAL_Driver/Src/stm32g4xx_hal_tim.o
                0x080064b6                HAL_TIM_OC_DelayElapsedCallback
 .text.HAL_TIM_IC_CaptureCallback
                0x080064ca       0x14 ./Drivers/STM32G4xx_HAL_Driver/Src/stm32g4xx_hal_tim.o
                0x080064ca                HAL_TIM_IC_CaptureCallback
 .text.HAL_TIM_PWM_PulseFinishedCallback
                0x080064de       0x14 ./Drivers/STM32G4xx_HAL_Driver/Src/stm32g4xx_hal_tim.o
                0x080064de                HAL_TIM_PWM_PulseFinishedCallback
 .text.HAL_TIM_TriggerCallback
                0x080064f2       0x14 ./Drivers/STM32G4xx_HAL_Driver/Src/stm32g4xx_hal_tim.o
                0x080064f2                HAL_TIM_TriggerCallback
 *fill*         0x08006506        0x2 
 .text.TIM_Base_SetConfig
                0x08006508      0x154 ./Drivers/STM32G4xx_HAL_Driver/Src/stm32g4xx_hal_tim.o
                0x08006508                TIM_Base_SetConfig
 .text.HAL_TIMEx_CommutCallback
                0x0800665c       0x14 ./Drivers/STM32G4xx_HAL_Driver/Src/stm32g4xx_hal_tim_ex.o
                0x0800665c                HAL_TIMEx_CommutCallback
 .text.HAL_TIMEx_BreakCallback
                0x08006670       0x14 ./Drivers/STM32G4xx_HAL_Driver/Src/stm32g4xx_hal_tim_ex.o
                0x08006670                HAL_TIMEx_BreakCallback
 .text.HAL_TIMEx_Break2Callback
                0x08006684       0x14 ./Drivers/STM32G4xx_HAL_Driver/Src/stm32g4xx_hal_tim_ex.o
                0x08006684                HAL_TIMEx_Break2Callback
 .text.HAL_TIMEx_EncoderIndexCallback
                0x08006698       0x14 ./Drivers/STM32G4xx_HAL_Driver/Src/stm32g4xx_hal_tim_ex.o
                0x08006698                HAL_TIMEx_EncoderIndexCallback
 .text.HAL_TIMEx_DirectionChangeCallback
                0x080066ac       0x14 ./Drivers/STM32G4xx_HAL_Driver/Src/stm32g4xx_hal_tim_ex.o
                0x080066ac                HAL_TIMEx_DirectionChangeCallback
 .text.HAL_TIMEx_IndexErrorCallback
                0x080066c0       0x14 ./Drivers/STM32G4xx_HAL_Driver/Src/stm32g4xx_hal_tim_ex.o
                0x080066c0                HAL_TIMEx_IndexErrorCallback
 .text.HAL_TIMEx_TransitionErrorCallback
                0x080066d4       0x14 ./Drivers/STM32G4xx_HAL_Driver/Src/stm32g4xx_hal_tim_ex.o
                0x080066d4                HAL_TIMEx_TransitionErrorCallback
 .text.HAL_UART_Init
                0x080066e8       0xa0 ./Drivers/STM32G4xx_HAL_Driver/Src/stm32g4xx_hal_uart.o
                0x080066e8                HAL_UART_Init
 .text.UART_SetConfig
                0x08006788      0x5f8 ./Drivers/STM32G4xx_HAL_Driver/Src/stm32g4xx_hal_uart.o
                0x08006788                UART_SetConfig
 .text.UART_AdvFeatureConfig
                0x08006d80      0x144 ./Drivers/STM32G4xx_HAL_Driver/Src/stm32g4xx_hal_uart.o
                0x08006d80                UART_AdvFeatureConfig
 .text.UART_CheckIdleState
                0x08006ec4      0x154 ./Drivers/STM32G4xx_HAL_Driver/Src/stm32g4xx_hal_uart.o
                0x08006ec4                UART_CheckIdleState
 .text.UART_WaitOnFlagUntilTimeout
                0x08007018       0xda ./Drivers/STM32G4xx_HAL_Driver/Src/stm32g4xx_hal_uart.o
                0x08007018                UART_WaitOnFlagUntilTimeout
 .text.UART_EndRxTransfer
                0x080070f2       0xcc ./Drivers/STM32G4xx_HAL_Driver/Src/stm32g4xx_hal_uart.o
 .text.HAL_UARTEx_DisableFifoMode
                0x080071be       0x72 ./Drivers/STM32G4xx_HAL_Driver/Src/stm32g4xx_hal_uart_ex.o
                0x080071be                HAL_UARTEx_DisableFifoMode
 .text.HAL_UARTEx_SetTxFifoThreshold
                0x08007230       0x7c ./Drivers/STM32G4xx_HAL_Driver/Src/stm32g4xx_hal_uart_ex.o
                0x08007230                HAL_UARTEx_SetTxFifoThreshold
 .text.HAL_UARTEx_SetRxFifoThreshold
                0x080072ac       0x7c ./Drivers/STM32G4xx_HAL_Driver/Src/stm32g4xx_hal_uart_ex.o
                0x080072ac                HAL_UARTEx_SetRxFifoThreshold
 .text.UARTEx_SetNbDataToProcess
                0x08007328       0x9c ./Drivers/STM32G4xx_HAL_Driver/Src/stm32g4xx_hal_uart_ex.o
 .text.USB_EnableGlobalInt
                0x080073c4       0x2e ./Drivers/STM32G4xx_HAL_Driver/Src/stm32g4xx_ll_usb.o
                0x080073c4                USB_EnableGlobalInt
 .text.USB_DisableGlobalInt
                0x080073f2       0x36 ./Drivers/STM32G4xx_HAL_Driver/Src/stm32g4xx_ll_usb.o
                0x080073f2                USB_DisableGlobalInt
 .text.USB_DevInit
                0x08007428       0x3c ./Drivers/STM32G4xx_HAL_Driver/Src/stm32g4xx_ll_usb.o
                0x08007428                USB_DevInit
 .text.USB_ActivateEndpoint
                0x08007464      0x9d0 ./Drivers/STM32G4xx_HAL_Driver/Src/stm32g4xx_ll_usb.o
                0x08007464                USB_ActivateEndpoint
 .text.USB_DeactivateEndpoint
                0x08007e34      0x3da ./Drivers/STM32G4xx_HAL_Driver/Src/stm32g4xx_ll_usb.o
                0x08007e34                USB_DeactivateEndpoint
 .text.USB_EPStartXfer
                0x0800820e      0xb5e ./Drivers/STM32G4xx_HAL_Driver/Src/stm32g4xx_ll_usb.o
                0x0800820e                USB_EPStartXfer
 .text.USB_EPSetStall
                0x08008d6c       0xa2 ./Drivers/STM32G4xx_HAL_Driver/Src/stm32g4xx_ll_usb.o
                0x08008d6c                USB_EPSetStall
 .text.USB_EPClearStall
                0x08008e0e      0x152 ./Drivers/STM32G4xx_HAL_Driver/Src/stm32g4xx_ll_usb.o
                0x08008e0e                USB_EPClearStall
 .text.USB_SetDevAddress
                0x08008f60       0x28 ./Drivers/STM32G4xx_HAL_Driver/Src/stm32g4xx_ll_usb.o
                0x08008f60                USB_SetDevAddress
 .text.USB_DevConnect
                0x08008f88       0x2e ./Drivers/STM32G4xx_HAL_Driver/Src/stm32g4xx_ll_usb.o
                0x08008f88                USB_DevConnect
 .text.USB_ReadInterrupts
                0x08008fb6       0x20 ./Drivers/STM32G4xx_HAL_Driver/Src/stm32g4xx_ll_usb.o
                0x08008fb6                USB_ReadInterrupts
 .text.USB_WritePMA
                0x08008fd6       0x84 ./Drivers/STM32G4xx_HAL_Driver/Src/stm32g4xx_ll_usb.o
                0x08008fd6                USB_WritePMA
 .text.USB_ReadPMA
                0x0800905a       0x98 ./Drivers/STM32G4xx_HAL_Driver/Src/stm32g4xx_ll_usb.o
                0x0800905a                USB_ReadPMA
 .text.USBD_CDC_Init
                0x080090f2       0xfe ./Middlewares/ST/STM32_USB_Device_Library/Class/CDC/Src/usbd_cdc.o
 .text.USBD_CDC_DeInit
                0x080091f0       0x74 ./Middlewares/ST/STM32_USB_Device_Library/Class/CDC/Src/usbd_cdc.o
 .text.USBD_CDC_Setup
                0x08009264      0x190 ./Middlewares/ST/STM32_USB_Device_Library/Class/CDC/Src/usbd_cdc.o
 .text.USBD_CDC_DataIn
                0x080093f4       0xca ./Middlewares/ST/STM32_USB_Device_Library/Class/CDC/Src/usbd_cdc.o
 .text.USBD_CDC_DataOut
                0x080094be       0x56 ./Middlewares/ST/STM32_USB_Device_Library/Class/CDC/Src/usbd_cdc.o
 .text.USBD_CDC_EP0_RxReady
                0x08009514       0x58 ./Middlewares/ST/STM32_USB_Device_Library/Class/CDC/Src/usbd_cdc.o
 .text.USBD_CDC_GetFSCfgDesc
                0x0800956c       0x20 ./Middlewares/ST/STM32_USB_Device_Library/Class/CDC/Src/usbd_cdc.o
 .text.USBD_CDC_GetHSCfgDesc
                0x0800958c       0x20 ./Middlewares/ST/STM32_USB_Device_Library/Class/CDC/Src/usbd_cdc.o
 .text.USBD_CDC_GetOtherSpeedCfgDesc
                0x080095ac       0x20 ./Middlewares/ST/STM32_USB_Device_Library/Class/CDC/Src/usbd_cdc.o
 .text.USBD_CDC_GetDeviceQualifierDescriptor
                0x080095cc       0x20 ./Middlewares/ST/STM32_USB_Device_Library/Class/CDC/Src/usbd_cdc.o
                0x080095cc                USBD_CDC_GetDeviceQualifierDescriptor
 .text.USBD_CDC_RegisterInterface
                0x080095ec       0x2a ./Middlewares/ST/STM32_USB_Device_Library/Class/CDC/Src/usbd_cdc.o
                0x080095ec                USBD_CDC_RegisterInterface
 .text.USBD_CDC_SetTxBuffer
                0x08009616       0x3c ./Middlewares/ST/STM32_USB_Device_Library/Class/CDC/Src/usbd_cdc.o
                0x08009616                USBD_CDC_SetTxBuffer
 .text.USBD_CDC_SetRxBuffer
                0x08009652       0x32 ./Middlewares/ST/STM32_USB_Device_Library/Class/CDC/Src/usbd_cdc.o
                0x08009652                USBD_CDC_SetRxBuffer
 .text.USBD_CDC_TransmitPacket
                0x08009684       0x60 ./Middlewares/ST/STM32_USB_Device_Library/Class/CDC/Src/usbd_cdc.o
                0x08009684                USBD_CDC_TransmitPacket
 .text.USBD_CDC_ReceivePacket
                0x080096e4       0x54 ./Middlewares/ST/STM32_USB_Device_Library/Class/CDC/Src/usbd_cdc.o
                0x080096e4                USBD_CDC_ReceivePacket
 .text.USBD_Init
                0x08009738       0x60 ./Middlewares/ST/STM32_USB_Device_Library/Core/Src/usbd_core.o
                0x08009738                USBD_Init
 .text.USBD_RegisterClass
                0x08009798       0x4e ./Middlewares/ST/STM32_USB_Device_Library/Core/Src/usbd_core.o
                0x08009798                USBD_RegisterClass
 .text.USBD_Start
                0x080097e6       0x18 ./Middlewares/ST/STM32_USB_Device_Library/Core/Src/usbd_core.o
                0x080097e6                USBD_Start
 .text.USBD_RunTestMode
                0x080097fe       0x16 ./Middlewares/ST/STM32_USB_Device_Library/Core/Src/usbd_core.o
                0x080097fe                USBD_RunTestMode
 .text.USBD_SetClassConfig
                0x08009814       0x38 ./Middlewares/ST/STM32_USB_Device_Library/Core/Src/usbd_core.o
                0x08009814                USBD_SetClassConfig
 .text.USBD_ClrClassConfig
                0x0800984c       0x30 ./Middlewares/ST/STM32_USB_Device_Library/Core/Src/usbd_core.o
                0x0800984c                USBD_ClrClassConfig
 .text.USBD_LL_SetupStage
                0x0800987c       0xaa ./Middlewares/ST/STM32_USB_Device_Library/Core/Src/usbd_core.o
                0x0800987c                USBD_LL_SetupStage
 .text.USBD_LL_DataOutStage
                0x08009926       0xc6 ./Middlewares/ST/STM32_USB_Device_Library/Core/Src/usbd_core.o
                0x08009926                USBD_LL_DataOutStage
 .text.USBD_LL_DataInStage
                0x080099ec      0x12c ./Middlewares/ST/STM32_USB_Device_Library/Core/Src/usbd_core.o
                0x080099ec                USBD_LL_DataInStage
 .text.USBD_LL_Reset
                0x08009b18       0x9c ./Middlewares/ST/STM32_USB_Device_Library/Core/Src/usbd_core.o
                0x08009b18                USBD_LL_Reset
 .text.USBD_LL_SetSpeed
                0x08009bb4       0x20 ./Middlewares/ST/STM32_USB_Device_Library/Core/Src/usbd_core.o
                0x08009bb4                USBD_LL_SetSpeed
 .text.USBD_LL_Suspend
                0x08009bd4       0x2c ./Middlewares/ST/STM32_USB_Device_Library/Core/Src/usbd_core.o
                0x08009bd4                USBD_LL_Suspend
 .text.USBD_LL_Resume
                0x08009c00       0x30 ./Middlewares/ST/STM32_USB_Device_Library/Core/Src/usbd_core.o
                0x08009c00                USBD_LL_Resume
 .text.USBD_LL_SOF
                0x08009c30       0x44 ./Middlewares/ST/STM32_USB_Device_Library/Core/Src/usbd_core.o
                0x08009c30                USBD_LL_SOF
 .text.SWAPBYTE
                0x08009c74       0x3c ./Middlewares/ST/STM32_USB_Device_Library/Core/Src/usbd_ctlreq.o
 .text.USBD_StdDevReq
                0x08009cb0       0xdc ./Middlewares/ST/STM32_USB_Device_Library/Core/Src/usbd_ctlreq.o
                0x08009cb0                USBD_StdDevReq
 .text.USBD_StdItfReq
                0x08009d8c       0x92 ./Middlewares/ST/STM32_USB_Device_Library/Core/Src/usbd_ctlreq.o
                0x08009d8c                USBD_StdItfReq
 .text.USBD_StdEPReq
                0x08009e1e      0x2c4 ./Middlewares/ST/STM32_USB_Device_Library/Core/Src/usbd_ctlreq.o
                0x08009e1e                USBD_StdEPReq
 *fill*         0x0800a0e2        0x2 
 .text.USBD_GetDescriptor
                0x0800a0e4      0x328 ./Middlewares/ST/STM32_USB_Device_Library/Core/Src/usbd_ctlreq.o
 .text.USBD_SetAddress
                0x0800a40c       0x88 ./Middlewares/ST/STM32_USB_Device_Library/Core/Src/usbd_ctlreq.o
 .text.USBD_SetConfig
                0x0800a494      0x14c ./Middlewares/ST/STM32_USB_Device_Library/Core/Src/usbd_ctlreq.o
 .text.USBD_GetConfig
                0x0800a5e0       0x6c ./Middlewares/ST/STM32_USB_Device_Library/Core/Src/usbd_ctlreq.o
 .text.USBD_GetStatus
                0x0800a64c       0x68 ./Middlewares/ST/STM32_USB_Device_Library/Core/Src/usbd_ctlreq.o
 .text.USBD_SetFeature
                0x0800a6b4       0x28 ./Middlewares/ST/STM32_USB_Device_Library/Core/Src/usbd_ctlreq.o
 .text.USBD_ClrFeature
                0x0800a6dc       0x44 ./Middlewares/ST/STM32_USB_Device_Library/Core/Src/usbd_ctlreq.o
 .text.USBD_ParseSetupRequest
                0x0800a720       0x74 ./Middlewares/ST/STM32_USB_Device_Library/Core/Src/usbd_ctlreq.o
                0x0800a720                USBD_ParseSetupRequest
 .text.USBD_CtlError
                0x0800a794       0x22 ./Middlewares/ST/STM32_USB_Device_Library/Core/Src/usbd_ctlreq.o
                0x0800a794                USBD_CtlError
 .text.USBD_GetString
                0x0800a7b6       0x8c ./Middlewares/ST/STM32_USB_Device_Library/Core/Src/usbd_ctlreq.o
                0x0800a7b6                USBD_GetString
 .text.USBD_GetLen
                0x0800a842       0x34 ./Middlewares/ST/STM32_USB_Device_Library/Core/Src/usbd_ctlreq.o
 .text.USBD_CtlSendData
                0x0800a876       0x36 ./Middlewares/ST/STM32_USB_Device_Library/Core/Src/usbd_ioreq.o
                0x0800a876                USBD_CtlSendData
 .text.USBD_CtlContinueSendData
                0x0800a8ac       0x22 ./Middlewares/ST/STM32_USB_Device_Library/Core/Src/usbd_ioreq.o
                0x0800a8ac                USBD_CtlContinueSendData
 .text.USBD_CtlPrepareRx
                0x0800a8ce       0x3a ./Middlewares/ST/STM32_USB_Device_Library/Core/Src/usbd_ioreq.o
                0x0800a8ce                USBD_CtlPrepareRx
 .text.USBD_CtlContinueRx
                0x0800a908       0x22 ./Middlewares/ST/STM32_USB_Device_Library/Core/Src/usbd_ioreq.o
                0x0800a908                USBD_CtlContinueRx
 .text.USBD_CtlSendStatus
                0x0800a92a       0x26 ./Middlewares/ST/STM32_USB_Device_Library/Core/Src/usbd_ioreq.o
                0x0800a92a                USBD_CtlSendStatus
 .text.USBD_CtlReceiveStatus
                0x0800a950       0x26 ./Middlewares/ST/STM32_USB_Device_Library/Core/Src/usbd_ioreq.o
                0x0800a950                USBD_CtlReceiveStatus
 *fill*         0x0800a976        0x2 
 .text.__NVIC_SetPriority
                0x0800a978       0x54 ./Middlewares/Third_Party/FreeRTOS/Source/CMSIS_RTOS_V2/cmsis_os2.o
 .text.SysTick_Handler
                0x0800a9cc       0x20 ./Middlewares/Third_Party/FreeRTOS/Source/CMSIS_RTOS_V2/cmsis_os2.o
                0x0800a9cc                SysTick_Handler
 .text.SVC_Setup
                0x0800a9ec       0x12 ./Middlewares/Third_Party/FreeRTOS/Source/CMSIS_RTOS_V2/cmsis_os2.o
 *fill*         0x0800a9fe        0x2 
 .text.osKernelInitialize
                0x0800aa00       0x48 ./Middlewares/Third_Party/FreeRTOS/Source/CMSIS_RTOS_V2/cmsis_os2.o
                0x0800aa00                osKernelInitialize
 .text.osKernelStart
                0x0800aa48       0x4c ./Middlewares/Third_Party/FreeRTOS/Source/CMSIS_RTOS_V2/cmsis_os2.o
                0x0800aa48                osKernelStart
 .text.osThreadNew
                0x0800aa94      0x126 ./Middlewares/Third_Party/FreeRTOS/Source/CMSIS_RTOS_V2/cmsis_os2.o
                0x0800aa94                osThreadNew
 .text.osDelay  0x0800abba       0x36 ./Middlewares/Third_Party/FreeRTOS/Source/CMSIS_RTOS_V2/cmsis_os2.o
                0x0800abba                osDelay
 .text.osMessageQueueNew
                0x0800abf0       0xe6 ./Middlewares/Third_Party/FreeRTOS/Source/CMSIS_RTOS_V2/cmsis_os2.o
                0x0800abf0                osMessageQueueNew
 *fill*         0x0800acd6        0x2 
 .text.osMessageQueuePut
                0x0800acd8       0xc0 ./Middlewares/Third_Party/FreeRTOS/Source/CMSIS_RTOS_V2/cmsis_os2.o
                0x0800acd8                osMessageQueuePut
 .text.osMessageQueueGet
                0x0800ad98       0xbc ./Middlewares/Third_Party/FreeRTOS/Source/CMSIS_RTOS_V2/cmsis_os2.o
                0x0800ad98                osMessageQueueGet
 .text.vApplicationGetIdleTaskMemory
                0x0800ae54       0x34 ./Middlewares/Third_Party/FreeRTOS/Source/CMSIS_RTOS_V2/cmsis_os2.o
                0x0800ae54                vApplicationGetIdleTaskMemory
 .text.vApplicationGetTimerTaskMemory
                0x0800ae88       0x34 ./Middlewares/Third_Party/FreeRTOS/Source/CMSIS_RTOS_V2/cmsis_os2.o
                0x0800ae88                vApplicationGetTimerTaskMemory
 .text.vListInitialise
                0x0800aebc       0x40 ./Middlewares/Third_Party/FreeRTOS/Source/list.o
                0x0800aebc                vListInitialise
 .text.vListInitialiseItem
                0x0800aefc       0x1a ./Middlewares/Third_Party/FreeRTOS/Source/list.o
                0x0800aefc                vListInitialiseItem
 .text.vListInsertEnd
                0x0800af16       0x48 ./Middlewares/Third_Party/FreeRTOS/Source/list.o
                0x0800af16                vListInsertEnd
 .text.vListInsert
                0x0800af5e       0x72 ./Middlewares/Third_Party/FreeRTOS/Source/list.o
                0x0800af5e                vListInsert
 .text.uxListRemove
                0x0800afd0       0x54 ./Middlewares/Third_Party/FreeRTOS/Source/list.o
                0x0800afd0                uxListRemove
 .text.xQueueGenericReset
                0x0800b024       0xd4 ./Middlewares/Third_Party/FreeRTOS/Source/queue.o
                0x0800b024                xQueueGenericReset
 .text.xQueueGenericCreateStatic
                0x0800b0f8       0xfa ./Middlewares/Third_Party/FreeRTOS/Source/queue.o
                0x0800b0f8                xQueueGenericCreateStatic
 .text.xQueueGenericCreate
                0x0800b1f2       0x76 ./Middlewares/Third_Party/FreeRTOS/Source/queue.o
                0x0800b1f2                xQueueGenericCreate
 .text.prvInitialiseNewQueue
                0x0800b268       0x46 ./Middlewares/Third_Party/FreeRTOS/Source/queue.o
 *fill*         0x0800b2ae        0x2 
 .text.xQueueGenericSend
                0x0800b2b0      0x204 ./Middlewares/Third_Party/FreeRTOS/Source/queue.o
                0x0800b2b0                xQueueGenericSend
 .text.xQueueGenericSendFromISR
                0x0800b4b4      0x13c ./Middlewares/Third_Party/FreeRTOS/Source/queue.o
                0x0800b4b4                xQueueGenericSendFromISR
 .text.xQueueReceive
                0x0800b5f0      0x1c4 ./Middlewares/Third_Party/FreeRTOS/Source/queue.o
                0x0800b5f0                xQueueReceive
 .text.xQueueReceiveFromISR
                0x0800b7b4      0x104 ./Middlewares/Third_Party/FreeRTOS/Source/queue.o
                0x0800b7b4                xQueueReceiveFromISR
 .text.prvCopyDataToQueue
                0x0800b8b8       0xd4 ./Middlewares/Third_Party/FreeRTOS/Source/queue.o
 .text.prvCopyDataFromQueue
                0x0800b98c       0x4c ./Middlewares/Third_Party/FreeRTOS/Source/queue.o
 .text.prvUnlockQueue
                0x0800b9d8       0xa4 ./Middlewares/Third_Party/FreeRTOS/Source/queue.o
 .text.prvIsQueueEmpty
                0x0800ba7c       0x2c ./Middlewares/Third_Party/FreeRTOS/Source/queue.o
 .text.prvIsQueueFull
                0x0800baa8       0x30 ./Middlewares/Third_Party/FreeRTOS/Source/queue.o
 .text.vQueueAddToRegistry
                0x0800bad8       0x54 ./Middlewares/Third_Party/FreeRTOS/Source/queue.o
                0x0800bad8                vQueueAddToRegistry
 .text.vQueueWaitForMessageRestricted
                0x0800bb2c       0x68 ./Middlewares/Third_Party/FreeRTOS/Source/queue.o
                0x0800bb2c                vQueueWaitForMessageRestricted
 .text.xTaskCreateStatic
                0x0800bb94       0xc0 ./Middlewares/Third_Party/FreeRTOS/Source/tasks.o
                0x0800bb94                xTaskCreateStatic
 .text.xTaskCreate
                0x0800bc54       0x8a ./Middlewares/Third_Party/FreeRTOS/Source/tasks.o
                0x0800bc54                xTaskCreate
 *fill*         0x0800bcde        0x2 
 .text.prvInitialiseNewTask
                0x0800bce0      0x150 ./Middlewares/Third_Party/FreeRTOS/Source/tasks.o
 .text.prvAddNewTaskToReadyList
                0x0800be30       0xe0 ./Middlewares/Third_Party/FreeRTOS/Source/tasks.o
 .text.vTaskDelay
                0x0800bf10       0x6c ./Middlewares/Third_Party/FreeRTOS/Source/tasks.o
                0x0800bf10                vTaskDelay
 .text.vTaskStartScheduler
                0x0800bf7c       0xe0 ./Middlewares/Third_Party/FreeRTOS/Source/tasks.o
                0x0800bf7c                vTaskStartScheduler
 .text.vTaskSuspendAll
                0x0800c05c       0x1c ./Middlewares/Third_Party/FreeRTOS/Source/tasks.o
                0x0800c05c                vTaskSuspendAll
 .text.xTaskResumeAll
                0x0800c078      0x13c ./Middlewares/Third_Party/FreeRTOS/Source/tasks.o
                0x0800c078                xTaskResumeAll
 .text.xTaskGetTickCount
                0x0800c1b4       0x20 ./Middlewares/Third_Party/FreeRTOS/Source/tasks.o
                0x0800c1b4                xTaskGetTickCount
 .text.xTaskIncrementTick
                0x0800c1d4      0x174 ./Middlewares/Third_Party/FreeRTOS/Source/tasks.o
                0x0800c1d4                xTaskIncrementTick
 .text.vTaskSwitchContext
                0x0800c348       0xcc ./Middlewares/Third_Party/FreeRTOS/Source/tasks.o
                0x0800c348                vTaskSwitchContext
 .text.vTaskPlaceOnEventList
                0x0800c414       0x4c ./Middlewares/Third_Party/FreeRTOS/Source/tasks.o
                0x0800c414                vTaskPlaceOnEventList
 .text.vTaskPlaceOnEventListRestricted
                0x0800c460       0x58 ./Middlewares/Third_Party/FreeRTOS/Source/tasks.o
                0x0800c460                vTaskPlaceOnEventListRestricted
 .text.xTaskRemoveFromEventList
                0x0800c4b8       0xc8 ./Middlewares/Third_Party/FreeRTOS/Source/tasks.o
                0x0800c4b8                xTaskRemoveFromEventList
 .text.vTaskInternalSetTimeOutState
                0x0800c580       0x2c ./Middlewares/Third_Party/FreeRTOS/Source/tasks.o
                0x0800c580                vTaskInternalSetTimeOutState
 .text.xTaskCheckForTimeOut
                0x0800c5ac       0xc8 ./Middlewares/Third_Party/FreeRTOS/Source/tasks.o
                0x0800c5ac                xTaskCheckForTimeOut
 .text.vTaskMissedYield
                0x0800c674       0x18 ./Middlewares/Third_Party/FreeRTOS/Source/tasks.o
                0x0800c674                vTaskMissedYield
 .text.prvIdleTask
                0x0800c68c       0x30 ./Middlewares/Third_Party/FreeRTOS/Source/tasks.o
 .text.prvInitialiseTaskLists
                0x0800c6bc       0x80 ./Middlewares/Third_Party/FreeRTOS/Source/tasks.o
 .text.prvCheckTasksWaitingTermination
                0x0800c73c       0x5c ./Middlewares/Third_Party/FreeRTOS/Source/tasks.o
 .text.prvDeleteTCB
                0x0800c798       0x6a ./Middlewares/Third_Party/FreeRTOS/Source/tasks.o
 *fill*         0x0800c802        0x2 
 .text.prvResetNextTaskUnblockTime
                0x0800c804       0x40 ./Middlewares/Third_Party/FreeRTOS/Source/tasks.o
 .text.xTaskGetSchedulerState
                0x0800c844       0x3c ./Middlewares/Third_Party/FreeRTOS/Source/tasks.o
                0x0800c844                xTaskGetSchedulerState
 .text.xTaskPriorityDisinherit
                0x0800c880       0xe0 ./Middlewares/Third_Party/FreeRTOS/Source/tasks.o
                0x0800c880                xTaskPriorityDisinherit
 .text.prvAddCurrentTaskToDelayedList
                0x0800c960       0xa8 ./Middlewares/Third_Party/FreeRTOS/Source/tasks.o
 .text.xTimerCreateTimerTask
                0x0800ca08       0x94 ./Middlewares/Third_Party/FreeRTOS/Source/timers.o
                0x0800ca08                xTimerCreateTimerTask
 .text.xTimerGenericCommand
                0x0800ca9c       0x9c ./Middlewares/Third_Party/FreeRTOS/Source/timers.o
                0x0800ca9c                xTimerGenericCommand
 .text.prvProcessExpiredTimer
                0x0800cb38       0x9c ./Middlewares/Third_Party/FreeRTOS/Source/timers.o
 .text.prvTimerTask
                0x0800cbd4       0x26 ./Middlewares/Third_Party/FreeRTOS/Source/timers.o
 *fill*         0x0800cbfa        0x2 
 .text.prvProcessTimerOrBlockTask
                0x0800cbfc       0x9c ./Middlewares/Third_Party/FreeRTOS/Source/timers.o
 .text.prvGetNextExpireTime
                0x0800cc98       0x48 ./Middlewares/Third_Party/FreeRTOS/Source/timers.o
 .text.prvSampleTimeNow
                0x0800cce0       0x40 ./Middlewares/Third_Party/FreeRTOS/Source/timers.o
 .text.prvInsertTimerInActiveList
                0x0800cd20       0x84 ./Middlewares/Third_Party/FreeRTOS/Source/timers.o
 .text.prvProcessReceivedCommands
                0x0800cda4      0x1cc ./Middlewares/Third_Party/FreeRTOS/Source/timers.o
 .text.prvSwitchTimerLists
                0x0800cf70       0xcc ./Middlewares/Third_Party/FreeRTOS/Source/timers.o
 .text.prvCheckForValidListAndQueue
                0x0800d03c       0x80 ./Middlewares/Third_Party/FreeRTOS/Source/timers.o
 .text.pxPortInitialiseStack
                0x0800d0bc       0x68 ./Middlewares/Third_Party/FreeRTOS/Source/portable/GCC/ARM_CM4F/port.o
                0x0800d0bc                pxPortInitialiseStack
 .text.prvTaskExitError
                0x0800d124       0x5c ./Middlewares/Third_Party/FreeRTOS/Source/portable/GCC/ARM_CM4F/port.o
 .text.SVC_Handler
                0x0800d180       0x28 ./Middlewares/Third_Party/FreeRTOS/Source/portable/GCC/ARM_CM4F/port.o
                0x0800d180                SVC_Handler
 .text.prvPortStartFirstTask
                0x0800d1a8       0x28 ./Middlewares/Third_Party/FreeRTOS/Source/portable/GCC/ARM_CM4F/port.o
 .text.xPortStartScheduler
                0x0800d1d0      0x148 ./Middlewares/Third_Party/FreeRTOS/Source/portable/GCC/ARM_CM4F/port.o
                0x0800d1d0                xPortStartScheduler
 .text.vPortEnterCritical
                0x0800d318       0x64 ./Middlewares/Third_Party/FreeRTOS/Source/portable/GCC/ARM_CM4F/port.o
                0x0800d318                vPortEnterCritical
 .text.vPortExitCritical
                0x0800d37c       0x54 ./Middlewares/Third_Party/FreeRTOS/Source/portable/GCC/ARM_CM4F/port.o
                0x0800d37c                vPortExitCritical
 .text.PendSV_Handler
                0x0800d3d0       0x68 ./Middlewares/Third_Party/FreeRTOS/Source/portable/GCC/ARM_CM4F/port.o
                0x0800d3d0                PendSV_Handler
 .text.xPortSysTickHandler
                0x0800d438       0x44 ./Middlewares/Third_Party/FreeRTOS/Source/portable/GCC/ARM_CM4F/port.o
                0x0800d438                xPortSysTickHandler
 .text.vPortSetupTimerInterrupt
                0x0800d47c       0x48 ./Middlewares/Third_Party/FreeRTOS/Source/portable/GCC/ARM_CM4F/port.o
                0x0800d47c                vPortSetupTimerInterrupt
 .text.vPortEnableVFP
                0x0800d4c4       0x14 ./Middlewares/Third_Party/FreeRTOS/Source/portable/GCC/ARM_CM4F/port.o
 .text.vPortValidateInterruptPriority
                0x0800d4d8       0x84 ./Middlewares/Third_Party/FreeRTOS/Source/portable/GCC/ARM_CM4F/port.o
                0x0800d4d8                vPortValidateInterruptPriority
 .text.pvPortMalloc
                0x0800d55c      0x19c ./Middlewares/Third_Party/FreeRTOS/Source/portable/MemMang/heap_4.o
                0x0800d55c                pvPortMalloc
 .text.vPortFree
                0x0800d6f8       0xc8 ./Middlewares/Third_Party/FreeRTOS/Source/portable/MemMang/heap_4.o
                0x0800d6f8                vPortFree
 .text.prvHeapInit
                0x0800d7c0       0xc4 ./Middlewares/Third_Party/FreeRTOS/Source/portable/MemMang/heap_4.o
 .text.prvInsertBlockIntoFreeList
                0x0800d884       0xb4 ./Middlewares/Third_Party/FreeRTOS/Source/portable/MemMang/heap_4.o
 .text.MX_USB_Device_Init
                0x0800d938       0x60 ./USB_Device/App/usb_device.o
                0x0800d938                MX_USB_Device_Init
 .text.CDC_Init_FS
                0x0800d998       0x28 ./USB_Device/App/usbd_cdc_if.o
 .text.CDC_DeInit_FS
                0x0800d9c0       0x10 ./USB_Device/App/usbd_cdc_if.o
 .text.CDC_Control_FS
                0x0800d9d0       0xbc ./USB_Device/App/usbd_cdc_if.o
 .text.CDC_Receive_FS
                0x0800da8c       0x28 ./USB_Device/App/usbd_cdc_if.o
 .text.CDC_Transmit_FS
                0x0800dab4       0x4c ./USB_Device/App/usbd_cdc_if.o
                0x0800dab4                CDC_Transmit_FS
 .text.CDC_TransmitCplt_FS
                0x0800db00       0x22 ./USB_Device/App/usbd_cdc_if.o
 *fill*         0x0800db22        0x2 
 .text.USBD_CDC_DeviceDescriptor
                0x0800db24       0x24 ./USB_Device/App/usbd_desc.o
                0x0800db24                USBD_CDC_DeviceDescriptor
 .text.USBD_CDC_LangIDStrDescriptor
                0x0800db48       0x24 ./USB_Device/App/usbd_desc.o
                0x0800db48                USBD_CDC_LangIDStrDescriptor
 .text.USBD_CDC_ProductStrDescriptor
                0x0800db6c       0x3c ./USB_Device/App/usbd_desc.o
                0x0800db6c                USBD_CDC_ProductStrDescriptor
 .text.USBD_CDC_ManufacturerStrDescriptor
                0x0800dba8       0x28 ./USB_Device/App/usbd_desc.o
                0x0800dba8                USBD_CDC_ManufacturerStrDescriptor
 .text.USBD_CDC_SerialStrDescriptor
                0x0800dbd0       0x24 ./USB_Device/App/usbd_desc.o
                0x0800dbd0                USBD_CDC_SerialStrDescriptor
 .text.USBD_CDC_ConfigStrDescriptor
                0x0800dbf4       0x3c ./USB_Device/App/usbd_desc.o
                0x0800dbf4                USBD_CDC_ConfigStrDescriptor
 .text.USBD_CDC_InterfaceStrDescriptor
                0x0800dc30       0x3c ./USB_Device/App/usbd_desc.o
                0x0800dc30                USBD_CDC_InterfaceStrDescriptor
 .text.Get_SerialNum
                0x0800dc6c       0x58 ./USB_Device/App/usbd_desc.o
 .text.IntToUnicode
                0x0800dcc4       0x7e ./USB_Device/App/usbd_desc.o
 *fill*         0x0800dd42        0x2 
 .text.HAL_PCD_MspInit
                0x0800dd44       0x78 ./USB_Device/Target/usbd_conf.o
                0x0800dd44                HAL_PCD_MspInit
 .text.HAL_PCD_SetupStageCallback
                0x0800ddbc       0x24 ./USB_Device/Target/usbd_conf.o
                0x0800ddbc                HAL_PCD_SetupStageCallback
 .text.HAL_PCD_DataOutStageCallback
                0x0800dde0       0x36 ./USB_Device/Target/usbd_conf.o
                0x0800dde0                HAL_PCD_DataOutStageCallback
 .text.HAL_PCD_DataInStageCallback
                0x0800de16       0x34 ./USB_Device/Target/usbd_conf.o
                0x0800de16                HAL_PCD_DataInStageCallback
 .text.HAL_PCD_SOFCallback
                0x0800de4a       0x1c ./USB_Device/Target/usbd_conf.o
                0x0800de4a                HAL_PCD_SOFCallback
 .text.HAL_PCD_ResetCallback
                0x0800de66       0x3c ./USB_Device/Target/usbd_conf.o
                0x0800de66                HAL_PCD_ResetCallback
 *fill*         0x0800dea2        0x2 
 .text.HAL_PCD_SuspendCallback
                0x0800dea4       0x34 ./USB_Device/Target/usbd_conf.o
                0x0800dea4                HAL_PCD_SuspendCallback
 .text.HAL_PCD_ResumeCallback
                0x0800ded8       0x38 ./USB_Device/Target/usbd_conf.o
                0x0800ded8                HAL_PCD_ResumeCallback
 .text.USBD_LL_Init
                0x0800df10       0xc0 ./USB_Device/Target/usbd_conf.o
                0x0800df10                USBD_LL_Init
 .text.USBD_LL_Start
                0x0800dfd0       0x36 ./USB_Device/Target/usbd_conf.o
                0x0800dfd0                USBD_LL_Start
 .text.USBD_LL_OpenEP
                0x0800e006       0x4c ./USB_Device/Target/usbd_conf.o
                0x0800e006                USBD_LL_OpenEP
 .text.USBD_LL_CloseEP
                0x0800e052       0x3e ./USB_Device/Target/usbd_conf.o
                0x0800e052                USBD_LL_CloseEP
 .text.USBD_LL_StallEP
                0x0800e090       0x3e ./USB_Device/Target/usbd_conf.o
                0x0800e090                USBD_LL_StallEP
 .text.USBD_LL_ClearStallEP
                0x0800e0ce       0x3e ./USB_Device/Target/usbd_conf.o
                0x0800e0ce                USBD_LL_ClearStallEP
 .text.USBD_LL_IsStallEP
                0x0800e10c       0x58 ./USB_Device/Target/usbd_conf.o
                0x0800e10c                USBD_LL_IsStallEP
 .text.USBD_LL_SetUSBAddress
                0x0800e164       0x3e ./USB_Device/Target/usbd_conf.o
                0x0800e164                USBD_LL_SetUSBAddress
 .text.USBD_LL_Transmit
                0x0800e1a2       0x42 ./USB_Device/Target/usbd_conf.o
                0x0800e1a2                USBD_LL_Transmit
 .text.USBD_LL_PrepareReceive
                0x0800e1e4       0x42 ./USB_Device/Target/usbd_conf.o
                0x0800e1e4                USBD_LL_PrepareReceive
 .text.USBD_LL_GetRxDataSize
                0x0800e226       0x26 ./USB_Device/Target/usbd_conf.o
                0x0800e226                USBD_LL_GetRxDataSize
 .text.HAL_PCDEx_LPM_Callback
                0x0800e24c       0x6c ./USB_Device/Target/usbd_conf.o
                0x0800e24c                HAL_PCDEx_LPM_Callback
 .text.USBD_static_malloc
                0x0800e2b8       0x1c ./USB_Device/Target/usbd_conf.o
                0x0800e2b8                USBD_static_malloc
 .text.USBD_static_free
                0x0800e2d4       0x14 ./USB_Device/Target/usbd_conf.o
                0x0800e2d4                USBD_static_free
 .text.SystemClockConfig_Resume
                0x0800e2e8        0xc ./USB_Device/Target/usbd_conf.o
 .text.USBD_Get_USB_Status
                0x0800e2f4       0x58 ./USB_Device/Target/usbd_conf.o
 .text.__cvt    0x0800e34c       0xca /Applications/STM32CubeIDE.app/Contents/Eclipse/plugins/com.st.stm32cube.ide.mcu.externaltools.gnu-tools-for-stm32.12.3.rel1.macos64_1.1.0.202410301201/tools/bin/../lib/gcc/arm-none-eabi/12.3.1/../../../../arm-none-eabi/lib/thumb/v7e-m+fp/hard/libc_nano.a(libc_a-nano-vfprintf_float.o)
                0x0800e34c                __cvt
 .text.__exponent
                0x0800e416       0x74 /Applications/STM32CubeIDE.app/Contents/Eclipse/plugins/com.st.stm32cube.ide.mcu.externaltools.gnu-tools-for-stm32.12.3.rel1.macos64_1.1.0.202410301201/tools/bin/../lib/gcc/arm-none-eabi/12.3.1/../../../../arm-none-eabi/lib/thumb/v7e-m+fp/hard/libc_nano.a(libc_a-nano-vfprintf_float.o)
                0x0800e416                __exponent
 *fill*         0x0800e48a        0x2 
 .text._printf_float
                0x0800e48c      0x454 /Applications/STM32CubeIDE.app/Contents/Eclipse/plugins/com.st.stm32cube.ide.mcu.externaltools.gnu-tools-for-stm32.12.3.rel1.macos64_1.1.0.202410301201/tools/bin/../lib/gcc/arm-none-eabi/12.3.1/../../../../arm-none-eabi/lib/thumb/v7e-m+fp/hard/libc_nano.a(libc_a-nano-vfprintf_float.o)
                0x0800e48c                _printf_float
 .text._printf_common
                0x0800e8e0       0xda /Applications/STM32CubeIDE.app/Contents/Eclipse/plugins/com.st.stm32cube.ide.mcu.externaltools.gnu-tools-for-stm32.12.3.rel1.macos64_1.1.0.202410301201/tools/bin/../lib/gcc/arm-none-eabi/12.3.1/../../../../arm-none-eabi/lib/thumb/v7e-m+fp/hard/libc_nano.a(libc_a-nano-vfprintf_i.o)
                0x0800e8e0                _printf_common
 *fill*         0x0800e9ba        0x2 
 .text._printf_i
                0x0800e9bc      0x240 /Applications/STM32CubeIDE.app/Contents/Eclipse/plugins/com.st.stm32cube.ide.mcu.externaltools.gnu-tools-for-stm32.12.3.rel1.macos64_1.1.0.202410301201/tools/bin/../lib/gcc/arm-none-eabi/12.3.1/../../../../arm-none-eabi/lib/thumb/v7e-m+fp/hard/libc_nano.a(libc_a-nano-vfprintf_i.o)
                0x0800e9bc                _printf_i
 .text.std      0x0800ebfc       0x6c /Applications/STM32CubeIDE.app/Contents/Eclipse/plugins/com.st.stm32cube.ide.mcu.externaltools.gnu-tools-for-stm32.12.3.rel1.macos64_1.1.0.202410301201/tools/bin/../lib/gcc/arm-none-eabi/12.3.1/../../../../arm-none-eabi/lib/thumb/v7e-m+fp/hard/libc_nano.a(libc_a-findfp.o)
 .text.stdio_exit_handler
                0x0800ec68       0x18 /Applications/STM32CubeIDE.app/Contents/Eclipse/plugins/com.st.stm32cube.ide.mcu.externaltools.gnu-tools-for-stm32.12.3.rel1.macos64_1.1.0.202410301201/tools/bin/../lib/gcc/arm-none-eabi/12.3.1/../../../../arm-none-eabi/lib/thumb/v7e-m+fp/hard/libc_nano.a(libc_a-findfp.o)
 .text.cleanup_stdio
                0x0800ec80       0x40 /Applications/STM32CubeIDE.app/Contents/Eclipse/plugins/com.st.stm32cube.ide.mcu.externaltools.gnu-tools-for-stm32.12.3.rel1.macos64_1.1.0.202410301201/tools/bin/../lib/gcc/arm-none-eabi/12.3.1/../../../../arm-none-eabi/lib/thumb/v7e-m+fp/hard/libc_nano.a(libc_a-findfp.o)
 .text.global_stdio_init.part.0
                0x0800ecc0       0x3c /Applications/STM32CubeIDE.app/Contents/Eclipse/plugins/com.st.stm32cube.ide.mcu.externaltools.gnu-tools-for-stm32.12.3.rel1.macos64_1.1.0.202410301201/tools/bin/../lib/gcc/arm-none-eabi/12.3.1/../../../../arm-none-eabi/lib/thumb/v7e-m+fp/hard/libc_nano.a(libc_a-findfp.o)
 .text.__sfp_lock_acquire
                0x0800ecfc        0xc /Applications/STM32CubeIDE.app/Contents/Eclipse/plugins/com.st.stm32cube.ide.mcu.externaltools.gnu-tools-for-stm32.12.3.rel1.macos64_1.1.0.202410301201/tools/bin/../lib/gcc/arm-none-eabi/12.3.1/../../../../arm-none-eabi/lib/thumb/v7e-m+fp/hard/libc_nano.a(libc_a-findfp.o)
                0x0800ecfc                __sfp_lock_acquire
 .text.__sfp_lock_release
                0x0800ed08        0xc /Applications/STM32CubeIDE.app/Contents/Eclipse/plugins/com.st.stm32cube.ide.mcu.externaltools.gnu-tools-for-stm32.12.3.rel1.macos64_1.1.0.202410301201/tools/bin/../lib/gcc/arm-none-eabi/12.3.1/../../../../arm-none-eabi/lib/thumb/v7e-m+fp/hard/libc_nano.a(libc_a-findfp.o)
                0x0800ed08                __sfp_lock_release
 .text.__sinit  0x0800ed14       0x30 /Applications/STM32CubeIDE.app/Contents/Eclipse/plugins/com.st.stm32cube.ide.mcu.externaltools.gnu-tools-for-stm32.12.3.rel1.macos64_1.1.0.202410301201/tools/bin/../lib/gcc/arm-none-eabi/12.3.1/../../../../arm-none-eabi/lib/thumb/v7e-m+fp/hard/libc_nano.a(libc_a-findfp.o)
                0x0800ed14                __sinit
 .text._fwalk_sglue
                0x0800ed44       0x3c /Applications/STM32CubeIDE.app/Contents/Eclipse/plugins/com.st.stm32cube.ide.mcu.externaltools.gnu-tools-for-stm32.12.3.rel1.macos64_1.1.0.202410301201/tools/bin/../lib/gcc/arm-none-eabi/12.3.1/../../../../arm-none-eabi/lib/thumb/v7e-m+fp/hard/libc_nano.a(libc_a-fwalk.o)
                0x0800ed44                _fwalk_sglue
 .text._vsnprintf_r
                0x0800ed80       0x56 /Applications/STM32CubeIDE.app/Contents/Eclipse/plugins/com.st.stm32cube.ide.mcu.externaltools.gnu-tools-for-stm32.12.3.rel1.macos64_1.1.0.202410301201/tools/bin/../lib/gcc/arm-none-eabi/12.3.1/../../../../arm-none-eabi/lib/thumb/v7e-m+fp/hard/libc_nano.a(libc_a-vsnprintf.o)
                0x0800ed80                _vsnprintf_r
                0x0800ed80                _vsniprintf_r
 *fill*         0x0800edd6        0x2 
 .text.vsnprintf
                0x0800edd8       0x1c /Applications/STM32CubeIDE.app/Contents/Eclipse/plugins/com.st.stm32cube.ide.mcu.externaltools.gnu-tools-for-stm32.12.3.rel1.macos64_1.1.0.202410301201/tools/bin/../lib/gcc/arm-none-eabi/12.3.1/../../../../arm-none-eabi/lib/thumb/v7e-m+fp/hard/libc_nano.a(libc_a-vsnprintf.o)
                0x0800edd8                vsnprintf
                0x0800edd8                vsniprintf
 .text.memset   0x0800edf4       0x10 /Applications/STM32CubeIDE.app/Contents/Eclipse/plugins/com.st.stm32cube.ide.mcu.externaltools.gnu-tools-for-stm32.12.3.rel1.macos64_1.1.0.202410301201/tools/bin/../lib/gcc/arm-none-eabi/12.3.1/../../../../arm-none-eabi/lib/thumb/v7e-m+fp/hard/libc_nano.a(libc_a-memset.o)
                0x0800edf4                memset
 .text._localeconv_r
                0x0800ee04        0x8 /Applications/STM32CubeIDE.app/Contents/Eclipse/plugins/com.st.stm32cube.ide.mcu.externaltools.gnu-tools-for-stm32.12.3.rel1.macos64_1.1.0.202410301201/tools/bin/../lib/gcc/arm-none-eabi/12.3.1/../../../../arm-none-eabi/lib/thumb/v7e-m+fp/hard/libc_nano.a(libc_a-localeconv.o)
                0x0800ee04                _localeconv_r
 .text._reclaim_reent
                0x0800ee0c       0xac /Applications/STM32CubeIDE.app/Contents/Eclipse/plugins/com.st.stm32cube.ide.mcu.externaltools.gnu-tools-for-stm32.12.3.rel1.macos64_1.1.0.202410301201/tools/bin/../lib/gcc/arm-none-eabi/12.3.1/../../../../arm-none-eabi/lib/thumb/v7e-m+fp/hard/libc_nano.a(libc_a-reent.o)
                0x0800ee0c                _reclaim_reent
 .text.__errno  0x0800eeb8        0xc /Applications/STM32CubeIDE.app/Contents/Eclipse/plugins/com.st.stm32cube.ide.mcu.externaltools.gnu-tools-for-stm32.12.3.rel1.macos64_1.1.0.202410301201/tools/bin/../lib/gcc/arm-none-eabi/12.3.1/../../../../arm-none-eabi/lib/thumb/v7e-m+fp/hard/libc_nano.a(libc_a-errno.o)
                0x0800eeb8                __errno
 .text.__libc_init_array
                0x0800eec4       0x48 /Applications/STM32CubeIDE.app/Contents/Eclipse/plugins/com.st.stm32cube.ide.mcu.externaltools.gnu-tools-for-stm32.12.3.rel1.macos64_1.1.0.202410301201/tools/bin/../lib/gcc/arm-none-eabi/12.3.1/../../../../arm-none-eabi/lib/thumb/v7e-m+fp/hard/libc_nano.a(libc_a-init.o)
                0x0800eec4                __libc_init_array
 .text.__retarget_lock_init_recursive
                0x0800ef0c        0x2 /Applications/STM32CubeIDE.app/Contents/Eclipse/plugins/com.st.stm32cube.ide.mcu.externaltools.gnu-tools-for-stm32.12.3.rel1.macos64_1.1.0.202410301201/tools/bin/../lib/gcc/arm-none-eabi/12.3.1/../../../../arm-none-eabi/lib/thumb/v7e-m+fp/hard/libc_nano.a(libc_a-lock.o)
                0x0800ef0c                __retarget_lock_init_recursive
 .text.__retarget_lock_acquire_recursive
                0x0800ef0e        0x2 /Applications/STM32CubeIDE.app/Contents/Eclipse/plugins/com.st.stm32cube.ide.mcu.externaltools.gnu-tools-for-stm32.12.3.rel1.macos64_1.1.0.202410301201/tools/bin/../lib/gcc/arm-none-eabi/12.3.1/../../../../arm-none-eabi/lib/thumb/v7e-m+fp/hard/libc_nano.a(libc_a-lock.o)
                0x0800ef0e                __retarget_lock_acquire_recursive
 .text.__retarget_lock_release_recursive
                0x0800ef10        0x2 /Applications/STM32CubeIDE.app/Contents/Eclipse/plugins/com.st.stm32cube.ide.mcu.externaltools.gnu-tools-for-stm32.12.3.rel1.macos64_1.1.0.202410301201/tools/bin/../lib/gcc/arm-none-eabi/12.3.1/../../../../arm-none-eabi/lib/thumb/v7e-m+fp/hard/libc_nano.a(libc_a-lock.o)
                0x0800ef10                __retarget_lock_release_recursive
 .text.memcpy   0x0800ef12       0x1c /Applications/STM32CubeIDE.app/Contents/Eclipse/plugins/com.st.stm32cube.ide.mcu.externaltools.gnu-tools-for-stm32.12.3.rel1.macos64_1.1.0.202410301201/tools/bin/../lib/gcc/arm-none-eabi/12.3.1/../../../../arm-none-eabi/lib/thumb/v7e-m+fp/hard/libc_nano.a(libc_a-memcpy-stub.o)
                0x0800ef12                memcpy
 .text.quorem   0x0800ef2e      0x110 /Applications/STM32CubeIDE.app/Contents/Eclipse/plugins/com.st.stm32cube.ide.mcu.externaltools.gnu-tools-for-stm32.12.3.rel1.macos64_1.1.0.202410301201/tools/bin/../lib/gcc/arm-none-eabi/12.3.1/../../../../arm-none-eabi/lib/thumb/v7e-m+fp/hard/libc_nano.a(libc_a-dtoa.o)
 *fill*         0x0800f03e        0x2 
 .text._dtoa_r  0x0800f040      0xb88 /Applications/STM32CubeIDE.app/Contents/Eclipse/plugins/com.st.stm32cube.ide.mcu.externaltools.gnu-tools-for-stm32.12.3.rel1.macos64_1.1.0.202410301201/tools/bin/../lib/gcc/arm-none-eabi/12.3.1/../../../../arm-none-eabi/lib/thumb/v7e-m+fp/hard/libc_nano.a(libc_a-dtoa.o)
                0x0800f040                _dtoa_r
 .text._free_r  0x0800fbc8       0x94 /Applications/STM32CubeIDE.app/Contents/Eclipse/plugins/com.st.stm32cube.ide.mcu.externaltools.gnu-tools-for-stm32.12.3.rel1.macos64_1.1.0.202410301201/tools/bin/../lib/gcc/arm-none-eabi/12.3.1/../../../../arm-none-eabi/lib/thumb/v7e-m+fp/hard/libc_nano.a(libc_a-freer.o)
                0x0800fbc8                _free_r
 .text.__ssputs_r
                0x0800fc5c       0xb6 /Applications/STM32CubeIDE.app/Contents/Eclipse/plugins/com.st.stm32cube.ide.mcu.externaltools.gnu-tools-for-stm32.12.3.rel1.macos64_1.1.0.202410301201/tools/bin/../lib/gcc/arm-none-eabi/12.3.1/../../../../arm-none-eabi/lib/thumb/v7e-m+fp/hard/libc_nano.a(libc_a-nano-svfprintf.o)
                0x0800fc5c                __ssputs_r
 *fill*         0x0800fd12        0x2 
 .text._svfprintf_r
                0x0800fd14      0x1f8 /Applications/STM32CubeIDE.app/Contents/Eclipse/plugins/com.st.stm32cube.ide.mcu.externaltools.gnu-tools-for-stm32.12.3.rel1.macos64_1.1.0.202410301201/tools/bin/../lib/gcc/arm-none-eabi/12.3.1/../../../../arm-none-eabi/lib/thumb/v7e-m+fp/hard/libc_nano.a(libc_a-nano-svfprintf.o)
                0x0800fd14                _svfprintf_r
                0x0800fd14                _svfiprintf_r
 .text.malloc   0x0800ff0c       0x10 /Applications/STM32CubeIDE.app/Contents/Eclipse/plugins/com.st.stm32cube.ide.mcu.externaltools.gnu-tools-for-stm32.12.3.rel1.macos64_1.1.0.202410301201/tools/bin/../lib/gcc/arm-none-eabi/12.3.1/../../../../arm-none-eabi/lib/thumb/v7e-m+fp/hard/libc_nano.a(libc_a-malloc.o)
                0x0800ff0c                malloc
 .text.sbrk_aligned
                0x0800ff1c       0x44 /Applications/STM32CubeIDE.app/Contents/Eclipse/plugins/com.st.stm32cube.ide.mcu.externaltools.gnu-tools-for-stm32.12.3.rel1.macos64_1.1.0.202410301201/tools/bin/../lib/gcc/arm-none-eabi/12.3.1/../../../../arm-none-eabi/lib/thumb/v7e-m+fp/hard/libc_nano.a(libc_a-mallocr.o)
 .text._malloc_r
                0x0800ff60      0x100 /Applications/STM32CubeIDE.app/Contents/Eclipse/plugins/com.st.stm32cube.ide.mcu.externaltools.gnu-tools-for-stm32.12.3.rel1.macos64_1.1.0.202410301201/tools/bin/../lib/gcc/arm-none-eabi/12.3.1/../../../../arm-none-eabi/lib/thumb/v7e-m+fp/hard/libc_nano.a(libc_a-mallocr.o)
                0x0800ff60                _malloc_r
 .text.__sflush_r
                0x08010060      0x108 /Applications/STM32CubeIDE.app/Contents/Eclipse/plugins/com.st.stm32cube.ide.mcu.externaltools.gnu-tools-for-stm32.12.3.rel1.macos64_1.1.0.202410301201/tools/bin/../lib/gcc/arm-none-eabi/12.3.1/../../../../arm-none-eabi/lib/thumb/v7e-m+fp/hard/libc_nano.a(libc_a-fflush.o)
                0x08010060                __sflush_r
 .text._fflush_r
                0x08010168       0x50 /Applications/STM32CubeIDE.app/Contents/Eclipse/plugins/com.st.stm32cube.ide.mcu.externaltools.gnu-tools-for-stm32.12.3.rel1.macos64_1.1.0.202410301201/tools/bin/../lib/gcc/arm-none-eabi/12.3.1/../../../../arm-none-eabi/lib/thumb/v7e-m+fp/hard/libc_nano.a(libc_a-fflush.o)
                0x08010168                _fflush_r
 .text.__malloc_lock
                0x080101b8        0xc /Applications/STM32CubeIDE.app/Contents/Eclipse/plugins/com.st.stm32cube.ide.mcu.externaltools.gnu-tools-for-stm32.12.3.rel1.macos64_1.1.0.202410301201/tools/bin/../lib/gcc/arm-none-eabi/12.3.1/../../../../arm-none-eabi/lib/thumb/v7e-m+fp/hard/libc_nano.a(libc_a-mlock.o)
                0x080101b8                __malloc_lock
 .text.__malloc_unlock
                0x080101c4        0xc /Applications/STM32CubeIDE.app/Contents/Eclipse/plugins/com.st.stm32cube.ide.mcu.externaltools.gnu-tools-for-stm32.12.3.rel1.macos64_1.1.0.202410301201/tools/bin/../lib/gcc/arm-none-eabi/12.3.1/../../../../arm-none-eabi/lib/thumb/v7e-m+fp/hard/libc_nano.a(libc_a-mlock.o)
                0x080101c4                __malloc_unlock
 .text._Balloc  0x080101d0       0x80 /Applications/STM32CubeIDE.app/Contents/Eclipse/plugins/com.st.stm32cube.ide.mcu.externaltools.gnu-tools-for-stm32.12.3.rel1.macos64_1.1.0.202410301201/tools/bin/../lib/gcc/arm-none-eabi/12.3.1/../../../../arm-none-eabi/lib/thumb/v7e-m+fp/hard/libc_nano.a(libc_a-mprec.o)
                0x080101d0                _Balloc
 .text._Bfree   0x08010250       0x44 /Applications/STM32CubeIDE.app/Contents/Eclipse/plugins/com.st.stm32cube.ide.mcu.externaltools.gnu-tools-for-stm32.12.3.rel1.macos64_1.1.0.202410301201/tools/bin/../lib/gcc/arm-none-eabi/12.3.1/../../../../arm-none-eabi/lib/thumb/v7e-m+fp/hard/libc_nano.a(libc_a-mprec.o)
                0x08010250                _Bfree
 .text.__multadd
                0x08010294       0x8c /Applications/STM32CubeIDE.app/Contents/Eclipse/plugins/com.st.stm32cube.ide.mcu.externaltools.gnu-tools-for-stm32.12.3.rel1.macos64_1.1.0.202410301201/tools/bin/../lib/gcc/arm-none-eabi/12.3.1/../../../../arm-none-eabi/lib/thumb/v7e-m+fp/hard/libc_nano.a(libc_a-mprec.o)
                0x08010294                __multadd
 .text.__hi0bits
                0x08010320       0x3e /Applications/STM32CubeIDE.app/Contents/Eclipse/plugins/com.st.stm32cube.ide.mcu.externaltools.gnu-tools-for-stm32.12.3.rel1.macos64_1.1.0.202410301201/tools/bin/../lib/gcc/arm-none-eabi/12.3.1/../../../../arm-none-eabi/lib/thumb/v7e-m+fp/hard/libc_nano.a(libc_a-mprec.o)
                0x08010320                __hi0bits
 .text.__lo0bits
                0x0801035e       0x5a /Applications/STM32CubeIDE.app/Contents/Eclipse/plugins/com.st.stm32cube.ide.mcu.externaltools.gnu-tools-for-stm32.12.3.rel1.macos64_1.1.0.202410301201/tools/bin/../lib/gcc/arm-none-eabi/12.3.1/../../../../arm-none-eabi/lib/thumb/v7e-m+fp/hard/libc_nano.a(libc_a-mprec.o)
                0x0801035e                __lo0bits
 .text.__i2b    0x080103b8       0x2c /Applications/STM32CubeIDE.app/Contents/Eclipse/plugins/com.st.stm32cube.ide.mcu.externaltools.gnu-tools-for-stm32.12.3.rel1.macos64_1.1.0.202410301201/tools/bin/../lib/gcc/arm-none-eabi/12.3.1/../../../../arm-none-eabi/lib/thumb/v7e-m+fp/hard/libc_nano.a(libc_a-mprec.o)
                0x080103b8                __i2b
 .text.__multiply
                0x080103e4      0x154 /Applications/STM32CubeIDE.app/Contents/Eclipse/plugins/com.st.stm32cube.ide.mcu.externaltools.gnu-tools-for-stm32.12.3.rel1.macos64_1.1.0.202410301201/tools/bin/../lib/gcc/arm-none-eabi/12.3.1/../../../../arm-none-eabi/lib/thumb/v7e-m+fp/hard/libc_nano.a(libc_a-mprec.o)
                0x080103e4                __multiply
 .text.__pow5mult
                0x08010538       0xb4 /Applications/STM32CubeIDE.app/Contents/Eclipse/plugins/com.st.stm32cube.ide.mcu.externaltools.gnu-tools-for-stm32.12.3.rel1.macos64_1.1.0.202410301201/tools/bin/../lib/gcc/arm-none-eabi/12.3.1/../../../../arm-none-eabi/lib/thumb/v7e-m+fp/hard/libc_nano.a(libc_a-mprec.o)
                0x08010538                __pow5mult
 .text.__lshift
                0x080105ec       0xd8 /Applications/STM32CubeIDE.app/Contents/Eclipse/plugins/com.st.stm32cube.ide.mcu.externaltools.gnu-tools-for-stm32.12.3.rel1.macos64_1.1.0.202410301201/tools/bin/../lib/gcc/arm-none-eabi/12.3.1/../../../../arm-none-eabi/lib/thumb/v7e-m+fp/hard/libc_nano.a(libc_a-mprec.o)
                0x080105ec                __lshift
 .text.__mcmp   0x080106c4       0x36 /Applications/STM32CubeIDE.app/Contents/Eclipse/plugins/com.st.stm32cube.ide.mcu.externaltools.gnu-tools-for-stm32.12.3.rel1.macos64_1.1.0.202410301201/tools/bin/../lib/gcc/arm-none-eabi/12.3.1/../../../../arm-none-eabi/lib/thumb/v7e-m+fp/hard/libc_nano.a(libc_a-mprec.o)
                0x080106c4                __mcmp
 *fill*         0x080106fa        0x2 
 .text.__mdiff  0x080106fc      0x128 /Applications/STM32CubeIDE.app/Contents/Eclipse/plugins/com.st.stm32cube.ide.mcu.externaltools.gnu-tools-for-stm32.12.3.rel1.macos64_1.1.0.202410301201/tools/bin/../lib/gcc/arm-none-eabi/12.3.1/../../../../arm-none-eabi/lib/thumb/v7e-m+fp/hard/libc_nano.a(libc_a-mprec.o)
                0x080106fc                __mdiff
 .text.__d2b    0x08010824       0xb0 /Applications/STM32CubeIDE.app/Contents/Eclipse/plugins/com.st.stm32cube.ide.mcu.externaltools.gnu-tools-for-stm32.12.3.rel1.macos64_1.1.0.202410301201/tools/bin/../lib/gcc/arm-none-eabi/12.3.1/../../../../arm-none-eabi/lib/thumb/v7e-m+fp/hard/libc_nano.a(libc_a-mprec.o)
                0x08010824                __d2b
 .text.__sread  0x080108d4       0x22 /Applications/STM32CubeIDE.app/Contents/Eclipse/plugins/com.st.stm32cube.ide.mcu.externaltools.gnu-tools-for-stm32.12.3.rel1.macos64_1.1.0.202410301201/tools/bin/../lib/gcc/arm-none-eabi/12.3.1/../../../../arm-none-eabi/lib/thumb/v7e-m+fp/hard/libc_nano.a(libc_a-stdio.o)
                0x080108d4                __sread
 .text.__swrite
                0x080108f6       0x38 /Applications/STM32CubeIDE.app/Contents/Eclipse/plugins/com.st.stm32cube.ide.mcu.externaltools.gnu-tools-for-stm32.12.3.rel1.macos64_1.1.0.202410301201/tools/bin/../lib/gcc/arm-none-eabi/12.3.1/../../../../arm-none-eabi/lib/thumb/v7e-m+fp/hard/libc_nano.a(libc_a-stdio.o)
                0x080108f6                __swrite
 .text.__sseek  0x0801092e       0x24 /Applications/STM32CubeIDE.app/Contents/Eclipse/plugins/com.st.stm32cube.ide.mcu.externaltools.gnu-tools-for-stm32.12.3.rel1.macos64_1.1.0.202410301201/tools/bin/../lib/gcc/arm-none-eabi/12.3.1/../../../../arm-none-eabi/lib/thumb/v7e-m+fp/hard/libc_nano.a(libc_a-stdio.o)
                0x0801092e                __sseek
 .text.__sclose
                0x08010952        0x8 /Applications/STM32CubeIDE.app/Contents/Eclipse/plugins/com.st.stm32cube.ide.mcu.externaltools.gnu-tools-for-stm32.12.3.rel1.macos64_1.1.0.202410301201/tools/bin/../lib/gcc/arm-none-eabi/12.3.1/../../../../arm-none-eabi/lib/thumb/v7e-m+fp/hard/libc_nano.a(libc_a-stdio.o)
                0x08010952                __sclose
 .text._realloc_r
                0x0801095a       0x5c /Applications/STM32CubeIDE.app/Contents/Eclipse/plugins/com.st.stm32cube.ide.mcu.externaltools.gnu-tools-for-stm32.12.3.rel1.macos64_1.1.0.202410301201/tools/bin/../lib/gcc/arm-none-eabi/12.3.1/../../../../arm-none-eabi/lib/thumb/v7e-m+fp/hard/libc_nano.a(libc_a-reallocr.o)
                0x0801095a                _realloc_r
 .text.memmove  0x080109b6       0x34 /Applications/STM32CubeIDE.app/Contents/Eclipse/plugins/com.st.stm32cube.ide.mcu.externaltools.gnu-tools-for-stm32.12.3.rel1.macos64_1.1.0.202410301201/tools/bin/../lib/gcc/arm-none-eabi/12.3.1/../../../../arm-none-eabi/lib/thumb/v7e-m+fp/hard/libc_nano.a(libc_a-memmove.o)
                0x080109b6                memmove
 *fill*         0x080109ea        0x2 
 .text._close_r
                0x080109ec       0x20 /Applications/STM32CubeIDE.app/Contents/Eclipse/plugins/com.st.stm32cube.ide.mcu.externaltools.gnu-tools-for-stm32.12.3.rel1.macos64_1.1.0.202410301201/tools/bin/../lib/gcc/arm-none-eabi/12.3.1/../../../../arm-none-eabi/lib/thumb/v7e-m+fp/hard/libc_nano.a(libc_a-closer.o)
                0x080109ec                _close_r
 .text._lseek_r
                0x08010a0c       0x24 /Applications/STM32CubeIDE.app/Contents/Eclipse/plugins/com.st.stm32cube.ide.mcu.externaltools.gnu-tools-for-stm32.12.3.rel1.macos64_1.1.0.202410301201/tools/bin/../lib/gcc/arm-none-eabi/12.3.1/../../../../arm-none-eabi/lib/thumb/v7e-m+fp/hard/libc_nano.a(libc_a-lseekr.o)
                0x08010a0c                _lseek_r
 .text._read_r  0x08010a30       0x24 /Applications/STM32CubeIDE.app/Contents/Eclipse/plugins/com.st.stm32cube.ide.mcu.externaltools.gnu-tools-for-stm32.12.3.rel1.macos64_1.1.0.202410301201/tools/bin/../lib/gcc/arm-none-eabi/12.3.1/../../../../arm-none-eabi/lib/thumb/v7e-m+fp/hard/libc_nano.a(libc_a-readr.o)
                0x08010a30                _read_r
 .text._sbrk_r  0x08010a54       0x20 /Applications/STM32CubeIDE.app/Contents/Eclipse/plugins/com.st.stm32cube.ide.mcu.externaltools.gnu-tools-for-stm32.12.3.rel1.macos64_1.1.0.202410301201/tools/bin/../lib/gcc/arm-none-eabi/12.3.1/../../../../arm-none-eabi/lib/thumb/v7e-m+fp/hard/libc_nano.a(libc_a-sbrkr.o)
                0x08010a54                _sbrk_r
 .text._write_r
                0x08010a74       0x24 /Applications/STM32CubeIDE.app/Contents/Eclipse/plugins/com.st.stm32cube.ide.mcu.externaltools.gnu-tools-for-stm32.12.3.rel1.macos64_1.1.0.202410301201/tools/bin/../lib/gcc/arm-none-eabi/12.3.1/../../../../arm-none-eabi/lib/thumb/v7e-m+fp/hard/libc_nano.a(libc_a-writer.o)
                0x08010a74                _write_r
 .text.__assert_func
                0x08010a98       0x3c /Applications/STM32CubeIDE.app/Contents/Eclipse/plugins/com.st.stm32cube.ide.mcu.externaltools.gnu-tools-for-stm32.12.3.rel1.macos64_1.1.0.202410301201/tools/bin/../lib/gcc/arm-none-eabi/12.3.1/../../../../arm-none-eabi/lib/thumb/v7e-m+fp/hard/libc_nano.a(libc_a-assert.o)
                0x08010a98                __assert_func
 .text._calloc_r
                0x08010ad4       0x28 /Applications/STM32CubeIDE.app/Contents/Eclipse/plugins/com.st.stm32cube.ide.mcu.externaltools.gnu-tools-for-stm32.12.3.rel1.macos64_1.1.0.202410301201/tools/bin/../lib/gcc/arm-none-eabi/12.3.1/../../../../arm-none-eabi/lib/thumb/v7e-m+fp/hard/libc_nano.a(libc_a-callocr.o)
                0x08010ad4                _calloc_r
 .text.__ascii_mbtowc
                0x08010afc       0x24 /Applications/STM32CubeIDE.app/Contents/Eclipse/plugins/com.st.stm32cube.ide.mcu.externaltools.gnu-tools-for-stm32.12.3.rel1.macos64_1.1.0.202410301201/tools/bin/../lib/gcc/arm-none-eabi/12.3.1/../../../../arm-none-eabi/lib/thumb/v7e-m+fp/hard/libc_nano.a(libc_a-mbtowc_r.o)
                0x08010afc                __ascii_mbtowc
 .text._malloc_usable_size_r
                0x08010b20       0x10 /Applications/STM32CubeIDE.app/Contents/Eclipse/plugins/com.st.stm32cube.ide.mcu.externaltools.gnu-tools-for-stm32.12.3.rel1.macos64_1.1.0.202410301201/tools/bin/../lib/gcc/arm-none-eabi/12.3.1/../../../../arm-none-eabi/lib/thumb/v7e-m+fp/hard/libc_nano.a(libc_a-msizer.o)
                0x08010b20                _malloc_usable_size_r
 .text.fprintf  0x08010b30       0x24 /Applications/STM32CubeIDE.app/Contents/Eclipse/plugins/com.st.stm32cube.ide.mcu.externaltools.gnu-tools-for-stm32.12.3.rel1.macos64_1.1.0.202410301201/tools/bin/../lib/gcc/arm-none-eabi/12.3.1/../../../../arm-none-eabi/lib/thumb/v7e-m+fp/hard/libc_nano.a(libc_a-fprintf.o)
                0x08010b30                fprintf
                0x08010b30                fiprintf
 .text.__ascii_wctomb
                0x08010b54       0x1a /Applications/STM32CubeIDE.app/Contents/Eclipse/plugins/com.st.stm32cube.ide.mcu.externaltools.gnu-tools-for-stm32.12.3.rel1.macos64_1.1.0.202410301201/tools/bin/../lib/gcc/arm-none-eabi/12.3.1/../../../../arm-none-eabi/lib/thumb/v7e-m+fp/hard/libc_nano.a(libc_a-wctomb_r.o)
                0x08010b54                __ascii_wctomb