../Core/Src/main.c:79:13:CDC_Transmit_Print	272	static
../Core/Src/main.c:92:5:main	8	static
../Core/Src/main.c:176:6:SystemClock_Config	88	static
../Core/Src/main.c:218:13:MX_FDCAN2_Init	8	static
../Core/Src/main.c:261:13:MX_I2C2_Init	8	static
../Core/Src/main.c:309:13:MX_LPUART1_UART_Init	8	static
../Core/Src/main.c:356:13:MX_USB_PCD_Init	8	static
../Core/Src/main.c:389:13:MX_GPIO_Init	48	static
../Core/Src/main.c:426:6:StartDefaultTask	16	static
../Core/Src/main.c:441:6:Error_Handler	4	static,ignoring_inline_asm
