../Core/Src/main.c:100:6:CDC_Transmit_Print	120	static
../Core/Src/main.c:116:5:main	8	static
../Core/Src/main.c:212:6:SystemClock_Config	88	static
../Core/Src/main.c:253:13:MX_FDCAN2_Init	8	static
../Core/Src/main.c:295:13:MX_I2C2_Init	8	static
../Core/Src/main.c:342:13:MX_USART2_UART_Init	8	static
../Core/Src/main.c:389:13:MX_GPIO_Init	48	static
../Core/Src/main.c:429:6:StartBlink	16	static
../Core/Src/main.c:450:6:startReadVoltageTask	40	static
../Core/Src/main.c:479:6:StartSendMessage	16	static
../Core/Src/main.c:498:6:HAL_TIM_PeriodElapsedCallback	16	static
../Core/Src/main.c:516:6:Error_Handler	4	static,ignoring_inline_asm
