../Core/Src/main.c:131:6:CDC_Transmit_Print	120	static
../Core/Src/main.c:147:5:main	8	static
../Core/Src/main.c:252:6:SystemClock_Config	88	static
../Core/Src/main.c:294:13:MX_FDCAN2_Init	8	static
../Core/Src/main.c:337:13:MX_I2C2_Init	8	static
../Core/Src/main.c:385:13:MX_USART2_UART_Init	8	static
../Core/Src/main.c:433:13:MX_GPIO_Init	48	static
../Core/Src/main.c:473:6:StartBlink	16	static
../Core/Src/main.c:496:6:startReadData	16	static
../Core/Src/main.c:532:6:StartSendMessage	16	static
../Core/Src/main.c:568:6:startReadCurrentTask	16	static
../Core/Src/main.c:594:6:startPrintCurrent	16	static
../Core/Src/main.c:614:6:startPrintVoltage	48	static
../Core/Src/main.c:645:6:HAL_TIM_PeriodElapsedCallback	16	static
../Core/Src/main.c:662:6:Error_Handler	4	static,ignoring_inline_asm
